[2.773s] Invoking command in '/home/capstone2526/cmdr_ws/mail-delivery-robot': PYTHONPATH=/home/capstone2526/cmdr_ws/build/mail-delivery-robot/prefix_override:/usr/lib/python3/dist-packages/colcon_core/task/python/colcon_distutils_commands:/home/capstone2526/cmdr_ws/install/mail-delivery-robot/lib/python3.10/site-packages: /usr/bin/python3 -W ignore:setup.py install is deprecated -W ignore:easy_install command is deprecated setup.py egg_info --egg-base ../build/mail-delivery-robot build --build-base /home/capstone2526/cmdr_ws/build/mail-delivery-robot/build install --record /home/capstone2526/cmdr_ws/build/mail-delivery-robot/install.log --single-version-externally-managed install_data
[3.821s] running egg_info
[3.824s] writing ../build/mail-delivery-robot/mail_delivery_robot.egg-info/PKG-INFO
[3.825s] writing dependency_links to ../build/mail-delivery-robot/mail_delivery_robot.egg-info/dependency_links.txt
[3.826s] writing entry points to ../build/mail-delivery-robot/mail_delivery_robot.egg-info/entry_points.txt
[3.827s] writing requirements to ../build/mail-delivery-robot/mail_delivery_robot.egg-info/requires.txt
[3.828s] writing top-level names to ../build/mail-delivery-robot/mail_delivery_robot.egg-info/top_level.txt
[3.838s] reading manifest file '../build/mail-delivery-robot/mail_delivery_robot.egg-info/SOURCES.txt'
[3.841s] adding license file 'LICENSE'
[3.846s] writing manifest file '../build/mail-delivery-robot/mail_delivery_robot.egg-info/SOURCES.txt'
[3.846s] running build
[3.847s] running build_py
[3.854s] copying src/tests/__init__.py -> /home/capstone2526/cmdr_ws/build/mail-delivery-robot/build/lib/src/tests
[3.857s] running install
[3.858s] running install_lib
[3.865s] copying /home/capstone2526/cmdr_ws/build/mail-delivery-robot/build/lib/src/tests/__init__.py -> /home/capstone2526/cmdr_ws/install/mail-delivery-robot/lib/python3.10/site-packages/src/tests
[3.875s] byte-compiling /home/capstone2526/cmdr_ws/install/mail-delivery-robot/lib/python3.10/site-packages/src/tests/__init__.py to __init__.cpython-310.pyc
[3.880s] running install_data
[3.883s] running install_egg_info
[3.890s] removing '/home/capstone2526/cmdr_ws/install/mail-delivery-robot/lib/python3.10/site-packages/mail_delivery_robot-0.0.0-py3.10.egg-info' (and everything under it)
[3.892s] Copying ../build/mail-delivery-robot/mail_delivery_robot.egg-info to /home/capstone2526/cmdr_ws/install/mail-delivery-robot/lib/python3.10/site-packages/mail_delivery_robot-0.0.0-py3.10.egg-info
[3.898s] running install_scripts
[3.986s] Installing avoidance_layer script to /home/capstone2526/cmdr_ws/install/mail-delivery-robot/lib/mail-delivery-robot
[3.987s] Installing battery_monitor script to /home/capstone2526/cmdr_ws/install/mail-delivery-robot/lib/mail-delivery-robot
[3.988s] Installing beacon_sensor script to /home/capstone2526/cmdr_ws/install/mail-delivery-robot/lib/mail-delivery-robot
[3.989s] Installing bumper_sensor script to /home/capstone2526/cmdr_ws/install/mail-delivery-robot/lib/mail-delivery-robot
[3.990s] Installing camera_sensor script to /home/capstone2526/cmdr_ws/install/mail-delivery-robot/lib/mail-delivery-robot
[3.991s] Installing captain script to /home/capstone2526/cmdr_ws/install/mail-delivery-robot/lib/mail-delivery-robot
[3.992s] Installing client script to /home/capstone2526/cmdr_ws/install/mail-delivery-robot/lib/mail-delivery-robot
[3.993s] Installing docking_layer script to /home/capstone2526/cmdr_ws/install/mail-delivery-robot/lib/mail-delivery-robot
[3.994s] Installing intersection_detection_unit script to /home/capstone2526/cmdr_ws/install/mail-delivery-robot/lib/mail-delivery-robot
[3.995s] Installing lidar_sensor script to /home/capstone2526/cmdr_ws/install/mail-delivery-robot/lib/mail-delivery-robot
[3.996s] Installing music_player script to /home/capstone2526/cmdr_ws/install/mail-delivery-robot/lib/mail-delivery-robot
[3.997s] Installing navigation_unit script to /home/capstone2526/cmdr_ws/install/mail-delivery-robot/lib/mail-delivery-robot
[3.998s] Installing travel_analyzer script to /home/capstone2526/cmdr_ws/install/mail-delivery-robot/lib/mail-delivery-robot
[3.999s] Installing travel_layer script to /home/capstone2526/cmdr_ws/install/mail-delivery-robot/lib/mail-delivery-robot
[4.000s] Installing turning_layer script to /home/capstone2526/cmdr_ws/install/mail-delivery-robot/lib/mail-delivery-robot
[4.003s] writing list of installed files to '/home/capstone2526/cmdr_ws/build/mail-delivery-robot/install.log'
[4.120s] Invoked command in '/home/capstone2526/cmdr_ws/mail-delivery-robot' returned '0': PYTHONPATH=/home/capstone2526/cmdr_ws/build/mail-delivery-robot/prefix_override:/usr/lib/python3/dist-packages/colcon_core/task/python/colcon_distutils_commands:/home/capstone2526/cmdr_ws/install/mail-delivery-robot/lib/python3.10/site-packages: /usr/bin/python3 -W ignore:setup.py install is deprecated -W ignore:easy_install command is deprecated setup.py egg_info --egg-base ../build/mail-delivery-robot build --build-base /home/capstone2526/cmdr_ws/build/mail-delivery-robot/build install --record /home/capstone2526/cmdr_ws/build/mail-delivery-robot/install.log --single-version-externally-managed install_data
