[3.716s] Invoking command in '/home/capstone2526/cmdr_ws/build/mail-delivery-robot': PYTHONPATH=/home/capstone2526/cmdr_ws/build/mail-delivery-robot/prefix_override:/usr/lib/python3/dist-packages/colcon_core/task/python/colcon_distutils_commands:/home/capstone2526/cmdr_ws/install/mail-delivery-robot/lib/python3.10/site-packages:${PYTHONPATH} /usr/bin/python3 -W ignore:setup.py install is deprecated -W ignore:easy_install command is deprecated setup.py develop --uninstall --editable --build-directory /home/capstone2526/cmdr_ws/build/mail-delivery-robot/build
[5.151s] running develop
[6.134s] Removing /home/capstone2526/cmdr_ws/install/mail-delivery-robot/lib/python3.10/site-packages/mail-delivery-robot.egg-link (link to src)
[6.271s] Invoked command in '/home/capstone2526/cmdr_ws/build/mail-delivery-robot' returned '0': PYTHONPATH=/home/capstone2526/cmdr_ws/build/mail-delivery-robot/prefix_override:/usr/lib/python3/dist-packages/colcon_core/task/python/colcon_distutils_commands:/home/capstone2526/cmdr_ws/install/mail-delivery-robot/lib/python3.10/site-packages:${PYTHONPATH} /usr/bin/python3 -W ignore:setup.py install is deprecated -W ignore:easy_install command is deprecated setup.py develop --uninstall --editable --build-directory /home/capstone2526/cmdr_ws/build/mail-delivery-robot/build
[6.280s] Invoking command in '/home/capstone2526/cmdr_ws/mail-delivery-robot': PYTHONPATH=/home/capstone2526/cmdr_ws/build/mail-delivery-robot/prefix_override:/usr/lib/python3/dist-packages/colcon_core/task/python/colcon_distutils_commands:/home/capstone2526/cmdr_ws/install/mail-delivery-robot/lib/python3.10/site-packages:${PYTHONPATH} /usr/bin/python3 -W ignore:setup.py install is deprecated -W ignore:easy_install command is deprecated setup.py egg_info --egg-base ../build/mail-delivery-robot build --build-base /home/capstone2526/cmdr_ws/build/mail-delivery-robot/build install --record /home/capstone2526/cmdr_ws/build/mail-delivery-robot/install.log --single-version-externally-managed install_data --force
[7.616s] running egg_info
[7.619s] writing ../build/mail-delivery-robot/mail_delivery_robot.egg-info/PKG-INFO
[7.620s] writing dependency_links to ../build/mail-delivery-robot/mail_delivery_robot.egg-info/dependency_links.txt
[7.622s] writing entry points to ../build/mail-delivery-robot/mail_delivery_robot.egg-info/entry_points.txt
[7.622s] writing requirements to ../build/mail-delivery-robot/mail_delivery_robot.egg-info/requires.txt
[7.623s] writing top-level names to ../build/mail-delivery-robot/mail_delivery_robot.egg-info/top_level.txt
[7.636s] reading manifest file '../build/mail-delivery-robot/mail_delivery_robot.egg-info/SOURCES.txt'
[7.639s] adding license file 'LICENSE'
[7.643s] writing manifest file '../build/mail-delivery-robot/mail_delivery_robot.egg-info/SOURCES.txt'
[7.644s] running build
[7.644s] running build_py
[7.658s] running install
[7.659s] running install_lib
[7.667s] creating /home/capstone2526/cmdr_ws/install/mail-delivery-robot/lib/python3.10/site-packages/tools
[7.668s] copying /home/capstone2526/cmdr_ws/build/mail-delivery-robot/build/lib/tools/__init__.py -> /home/capstone2526/cmdr_ws/install/mail-delivery-robot/lib/python3.10/site-packages/tools
[7.669s] copying /home/capstone2526/cmdr_ws/build/mail-delivery-robot/build/lib/tools/nav_parser.py -> /home/capstone2526/cmdr_ws/install/mail-delivery-robot/lib/python3.10/site-packages/tools
[7.670s] copying /home/capstone2526/cmdr_ws/build/mail-delivery-robot/build/lib/tools/map.py -> /home/capstone2526/cmdr_ws/install/mail-delivery-robot/lib/python3.10/site-packages/tools
[7.670s] copying /home/capstone2526/cmdr_ws/build/mail-delivery-robot/build/lib/tools/csv_parser.py -> /home/capstone2526/cmdr_ws/install/mail-delivery-robot/lib/python3.10/site-packages/tools
[7.681s] creating /home/capstone2526/cmdr_ws/install/mail-delivery-robot/lib/python3.10/site-packages/control
[7.682s] copying /home/capstone2526/cmdr_ws/build/mail-delivery-robot/build/lib/control/__init__.py -> /home/capstone2526/cmdr_ws/install/mail-delivery-robot/lib/python3.10/site-packages/control
[7.682s] copying /home/capstone2526/cmdr_ws/build/mail-delivery-robot/build/lib/control/captain.py -> /home/capstone2526/cmdr_ws/install/mail-delivery-robot/lib/python3.10/site-packages/control
[7.683s] copying /home/capstone2526/cmdr_ws/build/mail-delivery-robot/build/lib/control/action_translator.py -> /home/capstone2526/cmdr_ws/install/mail-delivery-robot/lib/python3.10/site-packages/control
[7.685s] creating /home/capstone2526/cmdr_ws/install/mail-delivery-robot/lib/python3.10/site-packages/tests
[7.686s] copying /home/capstone2526/cmdr_ws/build/mail-delivery-robot/build/lib/tests/__init__.py -> /home/capstone2526/cmdr_ws/install/mail-delivery-robot/lib/python3.10/site-packages/tests
[7.686s] copying /home/capstone2526/cmdr_ws/build/mail-delivery-robot/build/lib/tests/travel_analyzer.py -> /home/capstone2526/cmdr_ws/install/mail-delivery-robot/lib/python3.10/site-packages/tests
[7.687s] creating /home/capstone2526/cmdr_ws/install/mail-delivery-robot/lib/python3.10/site-packages/sensors
[7.688s] copying /home/capstone2526/cmdr_ws/build/mail-delivery-robot/build/lib/sensors/lidar_sensor.py -> /home/capstone2526/cmdr_ws/install/mail-delivery-robot/lib/python3.10/site-packages/sensors
[7.689s] copying /home/capstone2526/cmdr_ws/build/mail-delivery-robot/build/lib/sensors/navigation_unit.py -> /home/capstone2526/cmdr_ws/install/mail-delivery-robot/lib/python3.10/site-packages/sensors
[7.690s] copying /home/capstone2526/cmdr_ws/build/mail-delivery-robot/build/lib/sensors/battery_monitor.py -> /home/capstone2526/cmdr_ws/install/mail-delivery-robot/lib/python3.10/site-packages/sensors
[7.691s] copying /home/capstone2526/cmdr_ws/build/mail-delivery-robot/build/lib/sensors/__init__.py -> /home/capstone2526/cmdr_ws/install/mail-delivery-robot/lib/python3.10/site-packages/sensors
[7.691s] copying /home/capstone2526/cmdr_ws/build/mail-delivery-robot/build/lib/sensors/intersection_detection_unit.py -> /home/capstone2526/cmdr_ws/install/mail-delivery-robot/lib/python3.10/site-packages/sensors
[7.692s] copying /home/capstone2526/cmdr_ws/build/mail-delivery-robot/build/lib/sensors/beacon_sensor.py -> /home/capstone2526/cmdr_ws/install/mail-delivery-robot/lib/python3.10/site-packages/sensors
[7.694s] copying /home/capstone2526/cmdr_ws/build/mail-delivery-robot/build/lib/sensors/bumper_sensor.py -> /home/capstone2526/cmdr_ws/install/mail-delivery-robot/lib/python3.10/site-packages/sensors
[7.694s] copying /home/capstone2526/cmdr_ws/build/mail-delivery-robot/build/lib/sensors/camera_sensor.py -> /home/capstone2526/cmdr_ws/install/mail-delivery-robot/lib/python3.10/site-packages/sensors
[7.695s] creating /home/capstone2526/cmdr_ws/install/mail-delivery-robot/lib/python3.10/site-packages/layers
[7.696s] copying /home/capstone2526/cmdr_ws/build/mail-delivery-robot/build/lib/layers/__init__.py -> /home/capstone2526/cmdr_ws/install/mail-delivery-robot/lib/python3.10/site-packages/layers
[7.697s] copying /home/capstone2526/cmdr_ws/build/mail-delivery-robot/build/lib/layers/docking_layer.py -> /home/capstone2526/cmdr_ws/install/mail-delivery-robot/lib/python3.10/site-packages/layers
[7.698s] copying /home/capstone2526/cmdr_ws/build/mail-delivery-robot/build/lib/layers/travel_layer.py -> /home/capstone2526/cmdr_ws/install/mail-delivery-robot/lib/python3.10/site-packages/layers
[7.699s] copying /home/capstone2526/cmdr_ws/build/mail-delivery-robot/build/lib/layers/avoidance_layer.py -> /home/capstone2526/cmdr_ws/install/mail-delivery-robot/lib/python3.10/site-packages/layers
[7.699s] copying /home/capstone2526/cmdr_ws/build/mail-delivery-robot/build/lib/layers/turning_layer.py -> /home/capstone2526/cmdr_ws/install/mail-delivery-robot/lib/python3.10/site-packages/layers
[7.701s] creating /home/capstone2526/cmdr_ws/install/mail-delivery-robot/lib/python3.10/site-packages/communication
[7.701s] copying /home/capstone2526/cmdr_ws/build/mail-delivery-robot/build/lib/communication/__init__.py -> /home/capstone2526/cmdr_ws/install/mail-delivery-robot/lib/python3.10/site-packages/communication
[7.702s] copying /home/capstone2526/cmdr_ws/build/mail-delivery-robot/build/lib/communication/client.py -> /home/capstone2526/cmdr_ws/install/mail-delivery-robot/lib/python3.10/site-packages/communication
[7.703s] copying /home/capstone2526/cmdr_ws/build/mail-delivery-robot/build/lib/communication/music_player.py -> /home/capstone2526/cmdr_ws/install/mail-delivery-robot/lib/python3.10/site-packages/communication
[7.704s] creating /home/capstone2526/cmdr_ws/install/mail-delivery-robot/lib/python3.10/site-packages/config
[7.705s] copying /home/capstone2526/cmdr_ws/build/mail-delivery-robot/build/lib/config/__init__.py -> /home/capstone2526/cmdr_ws/install/mail-delivery-robot/lib/python3.10/site-packages/config
[7.708s] byte-compiling /home/capstone2526/cmdr_ws/install/mail-delivery-robot/lib/python3.10/site-packages/tools/__init__.py to __init__.cpython-310.pyc
[7.709s] byte-compiling /home/capstone2526/cmdr_ws/install/mail-delivery-robot/lib/python3.10/site-packages/tools/nav_parser.py to nav_parser.cpython-310.pyc
[7.711s] byte-compiling /home/capstone2526/cmdr_ws/install/mail-delivery-robot/lib/python3.10/site-packages/tools/map.py to map.cpython-310.pyc
[7.713s] byte-compiling /home/capstone2526/cmdr_ws/install/mail-delivery-robot/lib/python3.10/site-packages/tools/csv_parser.py to csv_parser.cpython-310.pyc
[7.720s] byte-compiling /home/capstone2526/cmdr_ws/install/mail-delivery-robot/lib/python3.10/site-packages/control/__init__.py to __init__.cpython-310.pyc
[7.722s] byte-compiling /home/capstone2526/cmdr_ws/install/mail-delivery-robot/lib/python3.10/site-packages/control/captain.py to captain.cpython-310.pyc
[7.725s] byte-compiling /home/capstone2526/cmdr_ws/install/mail-delivery-robot/lib/python3.10/site-packages/control/action_translator.py to action_translator.cpython-310.pyc
[7.728s] byte-compiling /home/capstone2526/cmdr_ws/install/mail-delivery-robot/lib/python3.10/site-packages/tests/__init__.py to __init__.cpython-310.pyc
[7.729s] byte-compiling /home/capstone2526/cmdr_ws/install/mail-delivery-robot/lib/python3.10/site-packages/tests/travel_analyzer.py to travel_analyzer.cpython-310.pyc
[7.732s] byte-compiling /home/capstone2526/cmdr_ws/install/mail-delivery-robot/lib/python3.10/site-packages/sensors/lidar_sensor.py to lidar_sensor.cpython-310.pyc
[7.737s] byte-compiling /home/capstone2526/cmdr_ws/install/mail-delivery-robot/lib/python3.10/site-packages/sensors/navigation_unit.py to navigation_unit.cpython-310.pyc
[7.740s] byte-compiling /home/capstone2526/cmdr_ws/install/mail-delivery-robot/lib/python3.10/site-packages/sensors/battery_monitor.py to battery_monitor.cpython-310.pyc
[7.744s] byte-compiling /home/capstone2526/cmdr_ws/install/mail-delivery-robot/lib/python3.10/site-packages/sensors/__init__.py to __init__.cpython-310.pyc
[7.745s] byte-compiling /home/capstone2526/cmdr_ws/install/mail-delivery-robot/lib/python3.10/site-packages/sensors/intersection_detection_unit.py to intersection_detection_unit.cpython-310.pyc
[7.749s] byte-compiling /home/capstone2526/cmdr_ws/install/mail-delivery-robot/lib/python3.10/site-packages/sensors/beacon_sensor.py to beacon_sensor.cpython-310.pyc
[7.752s] byte-compiling /home/capstone2526/cmdr_ws/install/mail-delivery-robot/lib/python3.10/site-packages/sensors/bumper_sensor.py to bumper_sensor.cpython-310.pyc
[7.754s] byte-compiling /home/capstone2526/cmdr_ws/install/mail-delivery-robot/lib/python3.10/site-packages/sensors/camera_sensor.py to camera_sensor.cpython-310.pyc
[7.757s] byte-compiling /home/capstone2526/cmdr_ws/install/mail-delivery-robot/lib/python3.10/site-packages/layers/__init__.py to __init__.cpython-310.pyc
[7.759s] byte-compiling /home/capstone2526/cmdr_ws/install/mail-delivery-robot/lib/python3.10/site-packages/layers/docking_layer.py to docking_layer.cpython-310.pyc
[7.762s] byte-compiling /home/capstone2526/cmdr_ws/install/mail-delivery-robot/lib/python3.10/site-packages/layers/travel_layer.py to travel_layer.cpython-310.pyc
[7.766s] byte-compiling /home/capstone2526/cmdr_ws/install/mail-delivery-robot/lib/python3.10/site-packages/layers/avoidance_layer.py to avoidance_layer.cpython-310.pyc
[7.770s] byte-compiling /home/capstone2526/cmdr_ws/install/mail-delivery-robot/lib/python3.10/site-packages/layers/turning_layer.py to turning_layer.cpython-310.pyc
[7.773s] byte-compiling /home/capstone2526/cmdr_ws/install/mail-delivery-robot/lib/python3.10/site-packages/communication/__init__.py to __init__.cpython-310.pyc
[7.774s] byte-compiling /home/capstone2526/cmdr_ws/install/mail-delivery-robot/lib/python3.10/site-packages/communication/client.py to client.cpython-310.pyc
[7.776s] byte-compiling /home/capstone2526/cmdr_ws/install/mail-delivery-robot/lib/python3.10/site-packages/communication/music_player.py to music_player.cpython-310.pyc
[7.781s] byte-compiling /home/capstone2526/cmdr_ws/install/mail-delivery-robot/lib/python3.10/site-packages/config/__init__.py to __init__.cpython-310.pyc
[7.783s] running install_data
[7.783s] copying resource/mail-delivery-robot -> /home/capstone2526/cmdr_ws/install/mail-delivery-robot/share/ament_index/resource_index/packages
[7.784s] copying package.xml -> /home/capstone2526/cmdr_ws/install/mail-delivery-robot/share/mail-delivery-robot
[7.785s] copying src/config/config.csv -> /home/capstone2526/cmdr_ws/install/mail-delivery-robot/lib/mail-delivery-robot/config
[7.790s] copying src/config/map.csv -> /home/capstone2526/cmdr_ws/install/mail-delivery-robot/lib/mail-delivery-robot/config
[7.791s] copying src/config/battery_config.csv -> /home/capstone2526/cmdr_ws/install/mail-delivery-robot/lib/mail-delivery-robot/config
[7.793s] copying src/config/beacons.csv -> /home/capstone2526/cmdr_ws/install/mail-delivery-robot/lib/mail-delivery-robot/config
[7.794s] copying src/config/beacon_connections.csv -> /home/capstone2526/cmdr_ws/install/mail-delivery-robot/lib/mail-delivery-robot/config
[7.796s] copying launch/analysis.launch.py -> /home/capstone2526/cmdr_ws/install/mail-delivery-robot/share/mail-delivery-robot/launch
[7.797s] copying launch/fair_demo.launch.py -> /home/capstone2526/cmdr_ws/install/mail-delivery-robot/share/mail-delivery-robot/launch
[7.798s] copying launch/robot_with_music.launch.py -> /home/capstone2526/cmdr_ws/install/mail-delivery-robot/share/mail-delivery-robot/launch
[7.799s] copying launch/robot.launch.py -> /home/capstone2526/cmdr_ws/install/mail-delivery-robot/share/mail-delivery-robot/launch
[7.799s] running install_egg_info
[7.808s] Copying ../build/mail-delivery-robot/mail_delivery_robot.egg-info to /home/capstone2526/cmdr_ws/install/mail-delivery-robot/lib/python3.10/site-packages/mail_delivery_robot-0.0.0-py3.10.egg-info
[7.815s] running install_scripts
[7.902s] Installing avoidance_layer script to /home/capstone2526/cmdr_ws/install/mail-delivery-robot/lib/mail-delivery-robot
[7.903s] Installing battery_monitor script to /home/capstone2526/cmdr_ws/install/mail-delivery-robot/lib/mail-delivery-robot
[7.903s] Installing beacon_sensor script to /home/capstone2526/cmdr_ws/install/mail-delivery-robot/lib/mail-delivery-robot
[7.904s] Installing bumper_sensor script to /home/capstone2526/cmdr_ws/install/mail-delivery-robot/lib/mail-delivery-robot
[7.905s] Installing camera_sensor script to /home/capstone2526/cmdr_ws/install/mail-delivery-robot/lib/mail-delivery-robot
[7.906s] Installing captain script to /home/capstone2526/cmdr_ws/install/mail-delivery-robot/lib/mail-delivery-robot
[7.907s] Installing client script to /home/capstone2526/cmdr_ws/install/mail-delivery-robot/lib/mail-delivery-robot
[7.908s] Installing docking_layer script to /home/capstone2526/cmdr_ws/install/mail-delivery-robot/lib/mail-delivery-robot
[7.912s] Installing intersection_detection_unit script to /home/capstone2526/cmdr_ws/install/mail-delivery-robot/lib/mail-delivery-robot
[7.913s] Installing lidar_sensor script to /home/capstone2526/cmdr_ws/install/mail-delivery-robot/lib/mail-delivery-robot
[7.914s] Installing music_player script to /home/capstone2526/cmdr_ws/install/mail-delivery-robot/lib/mail-delivery-robot
[7.915s] Installing navigation_unit script to /home/capstone2526/cmdr_ws/install/mail-delivery-robot/lib/mail-delivery-robot
[7.915s] Installing travel_analyzer script to /home/capstone2526/cmdr_ws/install/mail-delivery-robot/lib/mail-delivery-robot
[7.916s] Installing travel_layer script to /home/capstone2526/cmdr_ws/install/mail-delivery-robot/lib/mail-delivery-robot
[7.916s] Installing turning_layer script to /home/capstone2526/cmdr_ws/install/mail-delivery-robot/lib/mail-delivery-robot
[7.921s] writing list of installed files to '/home/capstone2526/cmdr_ws/build/mail-delivery-robot/install.log'
[8.052s] Invoked command in '/home/capstone2526/cmdr_ws/mail-delivery-robot' returned '0': PYTHONPATH=/home/capstone2526/cmdr_ws/build/mail-delivery-robot/prefix_override:/usr/lib/python3/dist-packages/colcon_core/task/python/colcon_distutils_commands:/home/capstone2526/cmdr_ws/install/mail-delivery-robot/lib/python3.10/site-packages:${PYTHONPATH} /usr/bin/python3 -W ignore:setup.py install is deprecated -W ignore:easy_install command is deprecated setup.py egg_info --egg-base ../build/mail-delivery-robot build --build-base /home/capstone2526/cmdr_ws/build/mail-delivery-robot/build install --record /home/capstone2526/cmdr_ws/build/mail-delivery-robot/install.log --single-version-externally-managed install_data --force
