[3.470s] Invoking command in '/home/capstone2526/cmdr_ws/mail-delivery-robot': PYTHONPATH=/home/capstone2526/cmdr_ws/build/mail-delivery-robot/prefix_override:/usr/lib/python3/dist-packages/colcon_core/task/python/colcon_distutils_commands:/home/capstone2526/cmdr_ws/install/mail-delivery-robot/lib/python3.10/site-packages:${PYTHONPATH} /usr/bin/python3 -W ignore:setup.py install is deprecated -W ignore:easy_install command is deprecated setup.py egg_info --egg-base ../build/mail-delivery-robot build --build-base /home/capstone2526/cmdr_ws/build/mail-delivery-robot/build install --record /home/capstone2526/cmdr_ws/build/mail-delivery-robot/install.log --single-version-externally-managed install_data
[4.848s] running egg_info
[4.852s] writing ../build/mail-delivery-robot/mail_delivery_robot.egg-info/PKG-INFO
[4.853s] writing dependency_links to ../build/mail-delivery-robot/mail_delivery_robot.egg-info/dependency_links.txt
[4.854s] writing entry points to ../build/mail-delivery-robot/mail_delivery_robot.egg-info/entry_points.txt
[4.855s] writing requirements to ../build/mail-delivery-robot/mail_delivery_robot.egg-info/requires.txt
[4.856s] writing top-level names to ../build/mail-delivery-robot/mail_delivery_robot.egg-info/top_level.txt
[4.870s] reading manifest file '../build/mail-delivery-robot/mail_delivery_robot.egg-info/SOURCES.txt'
[4.873s] adding license file 'LICENSE'
[4.877s] writing manifest file '../build/mail-delivery-robot/mail_delivery_robot.egg-info/SOURCES.txt'
[4.878s] running build
[4.878s] running build_py
[4.891s] running install
[4.893s] running install_lib
[4.931s] running install_data
[4.934s] copying launch/robot.launch.py -> /home/capstone2526/cmdr_ws/install/mail-delivery-robot/share/mail-delivery-robot/launch
[4.934s] running install_egg_info
[4.942s] removing '/home/capstone2526/cmdr_ws/install/mail-delivery-robot/lib/python3.10/site-packages/mail_delivery_robot-0.0.0-py3.10.egg-info' (and everything under it)
[4.944s] Copying ../build/mail-delivery-robot/mail_delivery_robot.egg-info to /home/capstone2526/cmdr_ws/install/mail-delivery-robot/lib/python3.10/site-packages/mail_delivery_robot-0.0.0-py3.10.egg-info
[4.951s] running install_scripts
[5.040s] Installing avoidance_layer script to /home/capstone2526/cmdr_ws/install/mail-delivery-robot/lib/mail-delivery-robot
[5.041s] Installing battery_monitor script to /home/capstone2526/cmdr_ws/install/mail-delivery-robot/lib/mail-delivery-robot
[5.042s] Installing beacon_sensor script to /home/capstone2526/cmdr_ws/install/mail-delivery-robot/lib/mail-delivery-robot
[5.043s] Installing bumper_sensor script to /home/capstone2526/cmdr_ws/install/mail-delivery-robot/lib/mail-delivery-robot
[5.044s] Installing camera_sensor script to /home/capstone2526/cmdr_ws/install/mail-delivery-robot/lib/mail-delivery-robot
[5.045s] Installing captain script to /home/capstone2526/cmdr_ws/install/mail-delivery-robot/lib/mail-delivery-robot
[5.046s] Installing client script to /home/capstone2526/cmdr_ws/install/mail-delivery-robot/lib/mail-delivery-robot
[5.047s] Installing docking_layer script to /home/capstone2526/cmdr_ws/install/mail-delivery-robot/lib/mail-delivery-robot
[5.048s] Installing intersection_detection_unit script to /home/capstone2526/cmdr_ws/install/mail-delivery-robot/lib/mail-delivery-robot
[5.049s] Installing lidar_sensor script to /home/capstone2526/cmdr_ws/install/mail-delivery-robot/lib/mail-delivery-robot
[5.051s] Installing music_player script to /home/capstone2526/cmdr_ws/install/mail-delivery-robot/lib/mail-delivery-robot
[5.052s] Installing navigation_unit script to /home/capstone2526/cmdr_ws/install/mail-delivery-robot/lib/mail-delivery-robot
[5.053s] Installing travel_analyzer script to /home/capstone2526/cmdr_ws/install/mail-delivery-robot/lib/mail-delivery-robot
[5.054s] Installing travel_layer script to /home/capstone2526/cmdr_ws/install/mail-delivery-robot/lib/mail-delivery-robot
[5.055s] Installing turning_layer script to /home/capstone2526/cmdr_ws/install/mail-delivery-robot/lib/mail-delivery-robot
[5.060s] writing list of installed files to '/home/capstone2526/cmdr_ws/build/mail-delivery-robot/install.log'
[5.186s] Invoked command in '/home/capstone2526/cmdr_ws/mail-delivery-robot' returned '0': PYTHONPATH=/home/capstone2526/cmdr_ws/build/mail-delivery-robot/prefix_override:/usr/lib/python3/dist-packages/colcon_core/task/python/colcon_distutils_commands:/home/capstone2526/cmdr_ws/install/mail-delivery-robot/lib/python3.10/site-packages:${PYTHONPATH} /usr/bin/python3 -W ignore:setup.py install is deprecated -W ignore:easy_install command is deprecated setup.py egg_info --egg-base ../build/mail-delivery-robot build --build-base /home/capstone2526/cmdr_ws/build/mail-delivery-robot/build install --record /home/capstone2526/cmdr_ws/build/mail-delivery-robot/install.log --single-version-externally-managed install_data
