[3.433s] Invoking command in '/home/capstone2526/cmdr_ws/mail-delivery-robot': PYTHONPATH=/home/capstone2526/cmdr_ws/build/mail-delivery-robot/prefix_override:/usr/lib/python3/dist-packages/colcon_core/task/python/colcon_distutils_commands:/home/capstone2526/cmdr_ws/install/mail-delivery-robot/lib/python3.10/site-packages:${PYTHONPATH} /usr/bin/python3 -W ignore:setup.py install is deprecated -W ignore:easy_install command is deprecated setup.py egg_info --egg-base ../build/mail-delivery-robot build --build-base /home/capstone2526/cmdr_ws/build/mail-delivery-robot/build install --record /home/capstone2526/cmdr_ws/build/mail-delivery-robot/install.log --single-version-externally-managed install_data
[4.765s] running egg_info
[4.768s] writing ../build/mail-delivery-robot/mail_delivery_robot.egg-info/PKG-INFO
[4.769s] writing dependency_links to ../build/mail-delivery-robot/mail_delivery_robot.egg-info/dependency_links.txt
[4.771s] writing entry points to ../build/mail-delivery-robot/mail_delivery_robot.egg-info/entry_points.txt
[4.772s] writing requirements to ../build/mail-delivery-robot/mail_delivery_robot.egg-info/requires.txt
[4.772s] writing top-level names to ../build/mail-delivery-robot/mail_delivery_robot.egg-info/top_level.txt
[4.783s] reading manifest file '../build/mail-delivery-robot/mail_delivery_robot.egg-info/SOURCES.txt'
[4.786s] adding license file 'LICENSE'
[4.791s] writing manifest file '../build/mail-delivery-robot/mail_delivery_robot.egg-info/SOURCES.txt'
[4.791s] running build
[4.792s] running build_py
[4.801s] running install
[4.802s] running install_lib
[4.826s] running install_data
[4.829s] running install_egg_info
[4.836s] removing '/home/capstone2526/cmdr_ws/install/mail-delivery-robot/lib/python3.10/site-packages/mail_delivery_robot-0.0.0-py3.10.egg-info' (and everything under it)
[4.838s] Copying ../build/mail-delivery-robot/mail_delivery_robot.egg-info to /home/capstone2526/cmdr_ws/install/mail-delivery-robot/lib/python3.10/site-packages/mail_delivery_robot-0.0.0-py3.10.egg-info
[4.845s] running install_scripts
[4.932s] Installing avoidance_layer script to /home/capstone2526/cmdr_ws/install/mail-delivery-robot/lib/mail-delivery-robot
[4.933s] Installing battery_monitor script to /home/capstone2526/cmdr_ws/install/mail-delivery-robot/lib/mail-delivery-robot
[4.934s] Installing beacon_sensor script to /home/capstone2526/cmdr_ws/install/mail-delivery-robot/lib/mail-delivery-robot
[4.935s] Installing bumper_sensor script to /home/capstone2526/cmdr_ws/install/mail-delivery-robot/lib/mail-delivery-robot
[4.936s] Installing camera_sensor script to /home/capstone2526/cmdr_ws/install/mail-delivery-robot/lib/mail-delivery-robot
[4.937s] Installing captain script to /home/capstone2526/cmdr_ws/install/mail-delivery-robot/lib/mail-delivery-robot
[4.937s] Installing client script to /home/capstone2526/cmdr_ws/install/mail-delivery-robot/lib/mail-delivery-robot
[4.938s] Installing docking_layer script to /home/capstone2526/cmdr_ws/install/mail-delivery-robot/lib/mail-delivery-robot
[4.939s] Installing intersection_detection_unit script to /home/capstone2526/cmdr_ws/install/mail-delivery-robot/lib/mail-delivery-robot
[4.940s] Installing lidar_sensor script to /home/capstone2526/cmdr_ws/install/mail-delivery-robot/lib/mail-delivery-robot
[4.941s] Installing music_player script to /home/capstone2526/cmdr_ws/install/mail-delivery-robot/lib/mail-delivery-robot
[4.942s] Installing navigation_unit script to /home/capstone2526/cmdr_ws/install/mail-delivery-robot/lib/mail-delivery-robot
[4.943s] Installing travel_analyzer script to /home/capstone2526/cmdr_ws/install/mail-delivery-robot/lib/mail-delivery-robot
[4.943s] Installing travel_layer script to /home/capstone2526/cmdr_ws/install/mail-delivery-robot/lib/mail-delivery-robot
[4.944s] Installing turning_layer script to /home/capstone2526/cmdr_ws/install/mail-delivery-robot/lib/mail-delivery-robot
[4.948s] writing list of installed files to '/home/capstone2526/cmdr_ws/build/mail-delivery-robot/install.log'
[5.068s] Invoked command in '/home/capstone2526/cmdr_ws/mail-delivery-robot' returned '0': PYTHONPATH=/home/capstone2526/cmdr_ws/build/mail-delivery-robot/prefix_override:/usr/lib/python3/dist-packages/colcon_core/task/python/colcon_distutils_commands:/home/capstone2526/cmdr_ws/install/mail-delivery-robot/lib/python3.10/site-packages:${PYTHONPATH} /usr/bin/python3 -W ignore:setup.py install is deprecated -W ignore:easy_install command is deprecated setup.py egg_info --egg-base ../build/mail-delivery-robot build --build-base /home/capstone2526/cmdr_ws/build/mail-delivery-robot/build install --record /home/capstone2526/cmdr_ws/build/mail-delivery-robot/install.log --single-version-externally-managed install_data
