[0.073s] Invoking command in '/home/capstone2526/cmdr_ws/build/sllidar_ros2': CMAKE_PREFIX_PATH=${CMAKE_PREFIX_PATH}:/home/capstone2526/cmdr_ws/install/mail-delivery-robot:/opt/ros/humble /usr/bin/cmake --build /home/capstone2526/cmdr_ws/build/sllidar_ros2 -- -j4 -l4
[0.283s] [35m[1mConsolidate compiler generated dependencies of target sllidar_client[0m
[0.285s] [35m[1mConsolidate compiler generated dependencies of target sllidar_node[0m
[0.401s] [ 10%] Built target sllidar_client
[0.513s] [100%] Built target sllidar_node
[0.565s] Invoked command in '/home/capstone2526/cmdr_ws/build/sllidar_ros2' returned '0': CMAKE_PREFIX_PATH=${CMAKE_PREFIX_PATH}:/home/capstone2526/cmdr_ws/install/mail-delivery-robot:/opt/ros/humble /usr/bin/cmake --build /home/capstone2526/cmdr_ws/build/sllidar_ros2 -- -j4 -l4
[0.609s] Invoking command in '/home/capstone2526/cmdr_ws/build/sllidar_ros2': CMAKE_PREFIX_PATH=${CMAKE_PREFIX_PATH}:/home/capstone2526/cmdr_ws/install/mail-delivery-robot:/opt/ros/humble /usr/bin/cmake --install /home/capstone2526/cmdr_ws/build/sllidar_ros2
[0.641s] -- Install configuration: ""
[0.641s] -- Up-to-date: /home/capstone2526/cmdr_ws/install/sllidar_ros2/share/sllidar_ros2/launch
[0.642s] -- Up-to-date: /home/capstone2526/cmdr_ws/install/sllidar_ros2/share/sllidar_ros2/launch/view_sllidar_s1_tcp_launch.py
[0.642s] -- Up-to-date: /home/capstone2526/cmdr_ws/install/sllidar_ros2/share/sllidar_ros2/launch/sllidar_a2m12_launch .py
[0.643s] -- Up-to-date: /home/capstone2526/cmdr_ws/install/sllidar_ros2/share/sllidar_ros2/launch/view_sllidar_s1_launch.py
[0.643s] -- Up-to-date: /home/capstone2526/cmdr_ws/install/sllidar_ros2/share/sllidar_ros2/launch/sllidar_s3_launch.py
[0.644s] -- Up-to-date: /home/capstone2526/cmdr_ws/install/sllidar_ros2/share/sllidar_ros2/launch/view_sllidar_a2m7_launch.py
[0.644s] -- Up-to-date: /home/capstone2526/cmdr_ws/install/sllidar_ros2/share/sllidar_ros2/launch/sllidar_a2m8_launch.py
[0.645s] -- Up-to-date: /home/capstone2526/cmdr_ws/install/sllidar_ros2/share/sllidar_ros2/launch/view_sllidar_s2_launch.py
[0.645s] -- Up-to-date: /home/capstone2526/cmdr_ws/install/sllidar_ros2/share/sllidar_ros2/launch/view_sllidar_s2e_launch.py
[0.647s] -- Up-to-date: /home/capstone2526/cmdr_ws/install/sllidar_ros2/share/sllidar_ros2/launch/view_sllidar_a2m12_launch.py
[0.648s] -- Up-to-date: /home/capstone2526/cmdr_ws/install/sllidar_ros2/share/sllidar_ros2/launch/sllidar_s1_launch.py
[0.649s] -- Up-to-date: /home/capstone2526/cmdr_ws/install/sllidar_ros2/share/sllidar_ros2/launch/view_sllidar_s3_launch.py
[0.649s] -- Up-to-date: /home/capstone2526/cmdr_ws/install/sllidar_ros2/share/sllidar_ros2/launch/view_sllidar_a2m8_launch.py
[0.650s] -- Up-to-date: /home/capstone2526/cmdr_ws/install/sllidar_ros2/share/sllidar_ros2/launch/view_sllidar_t1_launch.py
[0.650s] -- Up-to-date: /home/capstone2526/cmdr_ws/install/sllidar_ros2/share/sllidar_ros2/launch/view_sllidar_a1_launch.py
[0.651s] -- Up-to-date: /home/capstone2526/cmdr_ws/install/sllidar_ros2/share/sllidar_ros2/launch/sllidar_s2_launch.py
[0.651s] -- Up-to-date: /home/capstone2526/cmdr_ws/install/sllidar_ros2/share/sllidar_ros2/launch/sllidar_t1_launch.py
[0.652s] -- Up-to-date: /home/capstone2526/cmdr_ws/install/sllidar_ros2/share/sllidar_ros2/launch/sllidar_a1_launch.py
[0.654s] -- Up-to-date: /home/capstone2526/cmdr_ws/install/sllidar_ros2/share/sllidar_ros2/launch/sllidar_c1_launch.py
[0.655s] -- Up-to-date: /home/capstone2526/cmdr_ws/install/sllidar_ros2/share/sllidar_ros2/launch/view_sllidar_c1_launch.py
[0.655s] -- Up-to-date: /home/capstone2526/cmdr_ws/install/sllidar_ros2/share/sllidar_ros2/launch/view_sllidar_a3_launch.py
[0.656s] -- Up-to-date: /home/capstone2526/cmdr_ws/install/sllidar_ros2/share/sllidar_ros2/launch/sllidar_s1_tcp_launch.py
[0.656s] -- Up-to-date: /home/capstone2526/cmdr_ws/install/sllidar_ros2/share/sllidar_ros2/launch/sllidar_a2m7_launch.py
[0.658s] -- Up-to-date: /home/capstone2526/cmdr_ws/install/sllidar_ros2/share/sllidar_ros2/launch/sllidar_a3_launch.py
[0.659s] -- Up-to-date: /home/capstone2526/cmdr_ws/install/sllidar_ros2/share/sllidar_ros2/launch/sllidar_s2e_launch.py
[0.660s] -- Up-to-date: /home/capstone2526/cmdr_ws/install/sllidar_ros2/share/sllidar_ros2/rviz
[0.661s] -- Up-to-date: /home/capstone2526/cmdr_ws/install/sllidar_ros2/share/sllidar_ros2/rviz/sllidar_ros2.rviz
[0.662s] -- Up-to-date: /home/capstone2526/cmdr_ws/install/sllidar_ros2/lib/sllidar_ros2/sllidar_node
[0.663s] -- Up-to-date: /home/capstone2526/cmdr_ws/install/sllidar_ros2/lib/sllidar_ros2/sllidar_client
[0.663s] -- Up-to-date: /home/capstone2526/cmdr_ws/install/sllidar_ros2/share/ament_index/resource_index/package_run_dependencies/sllidar_ros2
[0.664s] -- Up-to-date: /home/capstone2526/cmdr_ws/install/sllidar_ros2/share/ament_index/resource_index/parent_prefix_path/sllidar_ros2
[0.665s] -- Up-to-date: /home/capstone2526/cmdr_ws/install/sllidar_ros2/share/sllidar_ros2/environment/ament_prefix_path.sh
[0.665s] -- Up-to-date: /home/capstone2526/cmdr_ws/install/sllidar_ros2/share/sllidar_ros2/environment/ament_prefix_path.dsv
[0.666s] -- Up-to-date: /home/capstone2526/cmdr_ws/install/sllidar_ros2/share/sllidar_ros2/environment/path.sh
[0.667s] -- Up-to-date: /home/capstone2526/cmdr_ws/install/sllidar_ros2/share/sllidar_ros2/environment/path.dsv
[0.667s] -- Up-to-date: /home/capstone2526/cmdr_ws/install/sllidar_ros2/share/sllidar_ros2/local_setup.bash
[0.668s] -- Up-to-date: /home/capstone2526/cmdr_ws/install/sllidar_ros2/share/sllidar_ros2/local_setup.sh
[0.668s] -- Up-to-date: /home/capstone2526/cmdr_ws/install/sllidar_ros2/share/sllidar_ros2/local_setup.zsh
[0.669s] -- Up-to-date: /home/capstone2526/cmdr_ws/install/sllidar_ros2/share/sllidar_ros2/local_setup.dsv
[0.669s] -- Installing: /home/capstone2526/cmdr_ws/install/sllidar_ros2/share/sllidar_ros2/package.dsv
[0.675s] -- Up-to-date: /home/capstone2526/cmdr_ws/install/sllidar_ros2/share/ament_index/resource_index/packages/sllidar_ros2
[0.680s] -- Up-to-date: /home/capstone2526/cmdr_ws/install/sllidar_ros2/share/sllidar_ros2/cmake/ament_cmake_export_dependencies-extras.cmake
[0.681s] -- Up-to-date: /home/capstone2526/cmdr_ws/install/sllidar_ros2/share/sllidar_ros2/cmake/ament_cmake_export_include_directories-extras.cmake
[0.681s] -- Up-to-date: /home/capstone2526/cmdr_ws/install/sllidar_ros2/share/sllidar_ros2/cmake/sllidar_ros2Config.cmake
[0.682s] -- Up-to-date: /home/capstone2526/cmdr_ws/install/sllidar_ros2/share/sllidar_ros2/cmake/sllidar_ros2Config-version.cmake
[0.683s] -- Up-to-date: /home/capstone2526/cmdr_ws/install/sllidar_ros2/share/sllidar_ros2/package.xml
[0.684s] Invoked command in '/home/capstone2526/cmdr_ws/build/sllidar_ros2' returned '0': CMAKE_PREFIX_PATH=${CMAKE_PREFIX_PATH}:/home/capstone2526/cmdr_ws/install/mail-delivery-robot:/opt/ros/humble /usr/bin/cmake --install /home/capstone2526/cmdr_ws/build/sllidar_ros2
