running egg_info
writing ../build/mail-delivery-robot/mail_delivery_robot.egg-info/PKG-INFO
writing dependency_links to ../build/mail-delivery-robot/mail_delivery_robot.egg-info/dependency_links.txt
writing entry points to ../build/mail-delivery-robot/mail_delivery_robot.egg-info/entry_points.txt
writing requirements to ../build/mail-delivery-robot/mail_delivery_robot.egg-info/requires.txt
writing top-level names to ../build/mail-delivery-robot/mail_delivery_robot.egg-info/top_level.txt
reading manifest file '../build/mail-delivery-robot/mail_delivery_robot.egg-info/SOURCES.txt'
adding license file 'LICENSE'
writing manifest file '../build/mail-delivery-robot/mail_delivery_robot.egg-info/SOURCES.txt'
running build
running build_py
creating /home/capstone2526/cmdr_ws/build/mail-delivery-robot/build/lib/tools
copying src/tools/__init__.py -> /home/capstone2526/cmdr_ws/build/mail-delivery-robot/build/lib/tools
copying src/tools/nav_parser.py -> /home/capstone2526/cmdr_ws/build/mail-delivery-robot/build/lib/tools
copying src/tools/map.py -> /home/capstone2526/cmdr_ws/build/mail-delivery-robot/build/lib/tools
copying src/tools/csv_parser.py -> /home/capstone2526/cmdr_ws/build/mail-delivery-robot/build/lib/tools
creating /home/capstone2526/cmdr_ws/build/mail-delivery-robot/build/lib/control
copying src/control/__init__.py -> /home/capstone2526/cmdr_ws/build/mail-delivery-robot/build/lib/control
copying src/control/captain.py -> /home/capstone2526/cmdr_ws/build/mail-delivery-robot/build/lib/control
copying src/control/action_translator.py -> /home/capstone2526/cmdr_ws/build/mail-delivery-robot/build/lib/control
creating /home/capstone2526/cmdr_ws/build/mail-delivery-robot/build/lib/tests
copying src/tests/__init__.py -> /home/capstone2526/cmdr_ws/build/mail-delivery-robot/build/lib/tests
copying src/tests/travel_analyzer.py -> /home/capstone2526/cmdr_ws/build/mail-delivery-robot/build/lib/tests
creating /home/capstone2526/cmdr_ws/build/mail-delivery-robot/build/lib/sensors
copying src/sensors/lidar_sensor.py -> /home/capstone2526/cmdr_ws/build/mail-delivery-robot/build/lib/sensors
copying src/sensors/navigation_unit.py -> /home/capstone2526/cmdr_ws/build/mail-delivery-robot/build/lib/sensors
copying src/sensors/battery_monitor.py -> /home/capstone2526/cmdr_ws/build/mail-delivery-robot/build/lib/sensors
copying src/sensors/__init__.py -> /home/capstone2526/cmdr_ws/build/mail-delivery-robot/build/lib/sensors
copying src/sensors/intersection_detection_unit.py -> /home/capstone2526/cmdr_ws/build/mail-delivery-robot/build/lib/sensors
copying src/sensors/beacon_sensor.py -> /home/capstone2526/cmdr_ws/build/mail-delivery-robot/build/lib/sensors
copying src/sensors/bumper_sensor.py -> /home/capstone2526/cmdr_ws/build/mail-delivery-robot/build/lib/sensors
copying src/sensors/camera_sensor.py -> /home/capstone2526/cmdr_ws/build/mail-delivery-robot/build/lib/sensors
creating /home/capstone2526/cmdr_ws/build/mail-delivery-robot/build/lib/layers
copying src/layers/__init__.py -> /home/capstone2526/cmdr_ws/build/mail-delivery-robot/build/lib/layers
copying src/layers/docking_layer.py -> /home/capstone2526/cmdr_ws/build/mail-delivery-robot/build/lib/layers
copying src/layers/travel_layer.py -> /home/capstone2526/cmdr_ws/build/mail-delivery-robot/build/lib/layers
copying src/layers/avoidance_layer.py -> /home/capstone2526/cmdr_ws/build/mail-delivery-robot/build/lib/layers
copying src/layers/turning_layer.py -> /home/capstone2526/cmdr_ws/build/mail-delivery-robot/build/lib/layers
creating /home/capstone2526/cmdr_ws/build/mail-delivery-robot/build/lib/communication
copying src/communication/__init__.py -> /home/capstone2526/cmdr_ws/build/mail-delivery-robot/build/lib/communication
copying src/communication/client.py -> /home/capstone2526/cmdr_ws/build/mail-delivery-robot/build/lib/communication
copying src/communication/music_player.py -> /home/capstone2526/cmdr_ws/build/mail-delivery-robot/build/lib/communication
creating /home/capstone2526/cmdr_ws/build/mail-delivery-robot/build/lib/config
copying src/config/__init__.py -> /home/capstone2526/cmdr_ws/build/mail-delivery-robot/build/lib/config
running install
running install_lib
creating /home/capstone2526/cmdr_ws/install/mail-delivery-robot/lib/python3.10/site-packages/tools
copying /home/capstone2526/cmdr_ws/build/mail-delivery-robot/build/lib/tools/__init__.py -> /home/capstone2526/cmdr_ws/install/mail-delivery-robot/lib/python3.10/site-packages/tools
copying /home/capstone2526/cmdr_ws/build/mail-delivery-robot/build/lib/tools/nav_parser.py -> /home/capstone2526/cmdr_ws/install/mail-delivery-robot/lib/python3.10/site-packages/tools
copying /home/capstone2526/cmdr_ws/build/mail-delivery-robot/build/lib/tools/map.py -> /home/capstone2526/cmdr_ws/install/mail-delivery-robot/lib/python3.10/site-packages/tools
copying /home/capstone2526/cmdr_ws/build/mail-delivery-robot/build/lib/tools/csv_parser.py -> /home/capstone2526/cmdr_ws/install/mail-delivery-robot/lib/python3.10/site-packages/tools
creating /home/capstone2526/cmdr_ws/install/mail-delivery-robot/lib/python3.10/site-packages/control
copying /home/capstone2526/cmdr_ws/build/mail-delivery-robot/build/lib/control/__init__.py -> /home/capstone2526/cmdr_ws/install/mail-delivery-robot/lib/python3.10/site-packages/control
copying /home/capstone2526/cmdr_ws/build/mail-delivery-robot/build/lib/control/captain.py -> /home/capstone2526/cmdr_ws/install/mail-delivery-robot/lib/python3.10/site-packages/control
copying /home/capstone2526/cmdr_ws/build/mail-delivery-robot/build/lib/control/action_translator.py -> /home/capstone2526/cmdr_ws/install/mail-delivery-robot/lib/python3.10/site-packages/control
creating /home/capstone2526/cmdr_ws/install/mail-delivery-robot/lib/python3.10/site-packages/tests
copying /home/capstone2526/cmdr_ws/build/mail-delivery-robot/build/lib/tests/__init__.py -> /home/capstone2526/cmdr_ws/install/mail-delivery-robot/lib/python3.10/site-packages/tests
copying /home/capstone2526/cmdr_ws/build/mail-delivery-robot/build/lib/tests/travel_analyzer.py -> /home/capstone2526/cmdr_ws/install/mail-delivery-robot/lib/python3.10/site-packages/tests
creating /home/capstone2526/cmdr_ws/install/mail-delivery-robot/lib/python3.10/site-packages/sensors
copying /home/capstone2526/cmdr_ws/build/mail-delivery-robot/build/lib/sensors/lidar_sensor.py -> /home/capstone2526/cmdr_ws/install/mail-delivery-robot/lib/python3.10/site-packages/sensors
copying /home/capstone2526/cmdr_ws/build/mail-delivery-robot/build/lib/sensors/navigation_unit.py -> /home/capstone2526/cmdr_ws/install/mail-delivery-robot/lib/python3.10/site-packages/sensors
copying /home/capstone2526/cmdr_ws/build/mail-delivery-robot/build/lib/sensors/battery_monitor.py -> /home/capstone2526/cmdr_ws/install/mail-delivery-robot/lib/python3.10/site-packages/sensors
copying /home/capstone2526/cmdr_ws/build/mail-delivery-robot/build/lib/sensors/__init__.py -> /home/capstone2526/cmdr_ws/install/mail-delivery-robot/lib/python3.10/site-packages/sensors
copying /home/capstone2526/cmdr_ws/build/mail-delivery-robot/build/lib/sensors/intersection_detection_unit.py -> /home/capstone2526/cmdr_ws/install/mail-delivery-robot/lib/python3.10/site-packages/sensors
copying /home/capstone2526/cmdr_ws/build/mail-delivery-robot/build/lib/sensors/beacon_sensor.py -> /home/capstone2526/cmdr_ws/install/mail-delivery-robot/lib/python3.10/site-packages/sensors
copying /home/capstone2526/cmdr_ws/build/mail-delivery-robot/build/lib/sensors/bumper_sensor.py -> /home/capstone2526/cmdr_ws/install/mail-delivery-robot/lib/python3.10/site-packages/sensors
copying /home/capstone2526/cmdr_ws/build/mail-delivery-robot/build/lib/sensors/camera_sensor.py -> /home/capstone2526/cmdr_ws/install/mail-delivery-robot/lib/python3.10/site-packages/sensors
creating /home/capstone2526/cmdr_ws/install/mail-delivery-robot/lib/python3.10/site-packages/layers
copying /home/capstone2526/cmdr_ws/build/mail-delivery-robot/build/lib/layers/__init__.py -> /home/capstone2526/cmdr_ws/install/mail-delivery-robot/lib/python3.10/site-packages/layers
copying /home/capstone2526/cmdr_ws/build/mail-delivery-robot/build/lib/layers/docking_layer.py -> /home/capstone2526/cmdr_ws/install/mail-delivery-robot/lib/python3.10/site-packages/layers
copying /home/capstone2526/cmdr_ws/build/mail-delivery-robot/build/lib/layers/travel_layer.py -> /home/capstone2526/cmdr_ws/install/mail-delivery-robot/lib/python3.10/site-packages/layers
copying /home/capstone2526/cmdr_ws/build/mail-delivery-robot/build/lib/layers/avoidance_layer.py -> /home/capstone2526/cmdr_ws/install/mail-delivery-robot/lib/python3.10/site-packages/layers
copying /home/capstone2526/cmdr_ws/build/mail-delivery-robot/build/lib/layers/turning_layer.py -> /home/capstone2526/cmdr_ws/install/mail-delivery-robot/lib/python3.10/site-packages/layers
creating /home/capstone2526/cmdr_ws/install/mail-delivery-robot/lib/python3.10/site-packages/communication
copying /home/capstone2526/cmdr_ws/build/mail-delivery-robot/build/lib/communication/__init__.py -> /home/capstone2526/cmdr_ws/install/mail-delivery-robot/lib/python3.10/site-packages/communication
copying /home/capstone2526/cmdr_ws/build/mail-delivery-robot/build/lib/communication/client.py -> /home/capstone2526/cmdr_ws/install/mail-delivery-robot/lib/python3.10/site-packages/communication
copying /home/capstone2526/cmdr_ws/build/mail-delivery-robot/build/lib/communication/music_player.py -> /home/capstone2526/cmdr_ws/install/mail-delivery-robot/lib/python3.10/site-packages/communication
creating /home/capstone2526/cmdr_ws/install/mail-delivery-robot/lib/python3.10/site-packages/config
copying /home/capstone2526/cmdr_ws/build/mail-delivery-robot/build/lib/config/__init__.py -> /home/capstone2526/cmdr_ws/install/mail-delivery-robot/lib/python3.10/site-packages/config
byte-compiling /home/capstone2526/cmdr_ws/install/mail-delivery-robot/lib/python3.10/site-packages/tools/__init__.py to __init__.cpython-310.pyc
byte-compiling /home/capstone2526/cmdr_ws/install/mail-delivery-robot/lib/python3.10/site-packages/tools/nav_parser.py to nav_parser.cpython-310.pyc
byte-compiling /home/capstone2526/cmdr_ws/install/mail-delivery-robot/lib/python3.10/site-packages/tools/map.py to map.cpython-310.pyc
byte-compiling /home/capstone2526/cmdr_ws/install/mail-delivery-robot/lib/python3.10/site-packages/tools/csv_parser.py to csv_parser.cpython-310.pyc
byte-compiling /home/capstone2526/cmdr_ws/install/mail-delivery-robot/lib/python3.10/site-packages/control/__init__.py to __init__.cpython-310.pyc
byte-compiling /home/capstone2526/cmdr_ws/install/mail-delivery-robot/lib/python3.10/site-packages/control/captain.py to captain.cpython-310.pyc
byte-compiling /home/capstone2526/cmdr_ws/install/mail-delivery-robot/lib/python3.10/site-packages/control/action_translator.py to action_translator.cpython-310.pyc
byte-compiling /home/capstone2526/cmdr_ws/install/mail-delivery-robot/lib/python3.10/site-packages/tests/__init__.py to __init__.cpython-310.pyc
byte-compiling /home/capstone2526/cmdr_ws/install/mail-delivery-robot/lib/python3.10/site-packages/tests/travel_analyzer.py to travel_analyzer.cpython-310.pyc
byte-compiling /home/capstone2526/cmdr_ws/install/mail-delivery-robot/lib/python3.10/site-packages/sensors/lidar_sensor.py to lidar_sensor.cpython-310.pyc
byte-compiling /home/capstone2526/cmdr_ws/install/mail-delivery-robot/lib/python3.10/site-packages/sensors/navigation_unit.py to navigation_unit.cpython-310.pyc
byte-compiling /home/capstone2526/cmdr_ws/install/mail-delivery-robot/lib/python3.10/site-packages/sensors/battery_monitor.py to battery_monitor.cpython-310.pyc
byte-compiling /home/capstone2526/cmdr_ws/install/mail-delivery-robot/lib/python3.10/site-packages/sensors/__init__.py to __init__.cpython-310.pyc
byte-compiling /home/capstone2526/cmdr_ws/install/mail-delivery-robot/lib/python3.10/site-packages/sensors/intersection_detection_unit.py to intersection_detection_unit.cpython-310.pyc
byte-compiling /home/capstone2526/cmdr_ws/install/mail-delivery-robot/lib/python3.10/site-packages/sensors/beacon_sensor.py to beacon_sensor.cpython-310.pyc
byte-compiling /home/capstone2526/cmdr_ws/install/mail-delivery-robot/lib/python3.10/site-packages/sensors/bumper_sensor.py to bumper_sensor.cpython-310.pyc
byte-compiling /home/capstone2526/cmdr_ws/install/mail-delivery-robot/lib/python3.10/site-packages/sensors/camera_sensor.py to camera_sensor.cpython-310.pyc
byte-compiling /home/capstone2526/cmdr_ws/install/mail-delivery-robot/lib/python3.10/site-packages/layers/__init__.py to __init__.cpython-310.pyc
byte-compiling /home/capstone2526/cmdr_ws/install/mail-delivery-robot/lib/python3.10/site-packages/layers/docking_layer.py to docking_layer.cpython-310.pyc
byte-compiling /home/capstone2526/cmdr_ws/install/mail-delivery-robot/lib/python3.10/site-packages/layers/travel_layer.py to travel_layer.cpython-310.pyc
byte-compiling /home/capstone2526/cmdr_ws/install/mail-delivery-robot/lib/python3.10/site-packages/layers/avoidance_layer.py to avoidance_layer.cpython-310.pyc
byte-compiling /home/capstone2526/cmdr_ws/install/mail-delivery-robot/lib/python3.10/site-packages/layers/turning_layer.py to turning_layer.cpython-310.pyc
byte-compiling /home/capstone2526/cmdr_ws/install/mail-delivery-robot/lib/python3.10/site-packages/communication/__init__.py to __init__.cpython-310.pyc
byte-compiling /home/capstone2526/cmdr_ws/install/mail-delivery-robot/lib/python3.10/site-packages/communication/client.py to client.cpython-310.pyc
byte-compiling /home/capstone2526/cmdr_ws/install/mail-delivery-robot/lib/python3.10/site-packages/communication/music_player.py to music_player.cpython-310.pyc
byte-compiling /home/capstone2526/cmdr_ws/install/mail-delivery-robot/lib/python3.10/site-packages/config/__init__.py to __init__.cpython-310.pyc
running install_data
running install_egg_info
removing '/home/capstone2526/cmdr_ws/install/mail-delivery-robot/lib/python3.10/site-packages/mail_delivery_robot-0.0.0-py3.10.egg-info' (and everything under it)
Copying ../build/mail-delivery-robot/mail_delivery_robot.egg-info to /home/capstone2526/cmdr_ws/install/mail-delivery-robot/lib/python3.10/site-packages/mail_delivery_robot-0.0.0-py3.10.egg-info
running install_scripts
Installing avoidance_layer script to /home/capstone2526/cmdr_ws/install/mail-delivery-robot/lib/mail-delivery-robot
Installing battery_monitor script to /home/capstone2526/cmdr_ws/install/mail-delivery-robot/lib/mail-delivery-robot
Installing beacon_sensor script to /home/capstone2526/cmdr_ws/install/mail-delivery-robot/lib/mail-delivery-robot
Installing bumper_sensor script to /home/capstone2526/cmdr_ws/install/mail-delivery-robot/lib/mail-delivery-robot
Installing camera_sensor script to /home/capstone2526/cmdr_ws/install/mail-delivery-robot/lib/mail-delivery-robot
Installing captain script to /home/capstone2526/cmdr_ws/install/mail-delivery-robot/lib/mail-delivery-robot
Installing client script to /home/capstone2526/cmdr_ws/install/mail-delivery-robot/lib/mail-delivery-robot
Installing docking_layer script to /home/capstone2526/cmdr_ws/install/mail-delivery-robot/lib/mail-delivery-robot
Installing intersection_detection_unit script to /home/capstone2526/cmdr_ws/install/mail-delivery-robot/lib/mail-delivery-robot
Installing lidar_sensor script to /home/capstone2526/cmdr_ws/install/mail-delivery-robot/lib/mail-delivery-robot
Installing music_player script to /home/capstone2526/cmdr_ws/install/mail-delivery-robot/lib/mail-delivery-robot
Installing navigation_unit script to /home/capstone2526/cmdr_ws/install/mail-delivery-robot/lib/mail-delivery-robot
Installing travel_analyzer script to /home/capstone2526/cmdr_ws/install/mail-delivery-robot/lib/mail-delivery-robot
Installing travel_layer script to /home/capstone2526/cmdr_ws/install/mail-delivery-robot/lib/mail-delivery-robot
Installing turning_layer script to /home/capstone2526/cmdr_ws/install/mail-delivery-robot/lib/mail-delivery-robot
writing list of installed files to '/home/capstone2526/cmdr_ws/build/mail-delivery-robot/install.log'
