/home/capstone2526/cmdr_ws/install/mail-delivery-robot/lib/python3.10/site-packages/tools/__init__.py
/home/capstone2526/cmdr_ws/install/mail-delivery-robot/lib/python3.10/site-packages/tools/nav_parser.py
/home/capstone2526/cmdr_ws/install/mail-delivery-robot/lib/python3.10/site-packages/tools/map.py
/home/capstone2526/cmdr_ws/install/mail-delivery-robot/lib/python3.10/site-packages/tools/csv_parser.py
/home/capstone2526/cmdr_ws/install/mail-delivery-robot/lib/python3.10/site-packages/control/__init__.py
/home/capstone2526/cmdr_ws/install/mail-delivery-robot/lib/python3.10/site-packages/control/captain.py
/home/capstone2526/cmdr_ws/install/mail-delivery-robot/lib/python3.10/site-packages/control/action_translator.py
/home/capstone2526/cmdr_ws/install/mail-delivery-robot/lib/python3.10/site-packages/tests/__init__.py
/home/capstone2526/cmdr_ws/install/mail-delivery-robot/lib/python3.10/site-packages/tests/travel_analyzer.py
/home/capstone2526/cmdr_ws/install/mail-delivery-robot/lib/python3.10/site-packages/sensors/lidar_sensor.py
/home/capstone2526/cmdr_ws/install/mail-delivery-robot/lib/python3.10/site-packages/sensors/navigation_unit.py
/home/capstone2526/cmdr_ws/install/mail-delivery-robot/lib/python3.10/site-packages/sensors/battery_monitor.py
/home/capstone2526/cmdr_ws/install/mail-delivery-robot/lib/python3.10/site-packages/sensors/__init__.py
/home/capstone2526/cmdr_ws/install/mail-delivery-robot/lib/python3.10/site-packages/sensors/intersection_detection_unit.py
/home/capstone2526/cmdr_ws/install/mail-delivery-robot/lib/python3.10/site-packages/sensors/beacon_sensor.py
/home/capstone2526/cmdr_ws/install/mail-delivery-robot/lib/python3.10/site-packages/sensors/bumper_sensor.py
/home/capstone2526/cmdr_ws/install/mail-delivery-robot/lib/python3.10/site-packages/layers/__init__.py
/home/capstone2526/cmdr_ws/install/mail-delivery-robot/lib/python3.10/site-packages/layers/docking_layer.py
/home/capstone2526/cmdr_ws/install/mail-delivery-robot/lib/python3.10/site-packages/layers/travel_layer.py
/home/capstone2526/cmdr_ws/install/mail-delivery-robot/lib/python3.10/site-packages/layers/avoidance_layer.py
/home/capstone2526/cmdr_ws/install/mail-delivery-robot/lib/python3.10/site-packages/layers/turning_layer.py
/home/capstone2526/cmdr_ws/install/mail-delivery-robot/lib/python3.10/site-packages/communication/__init__.py
/home/capstone2526/cmdr_ws/install/mail-delivery-robot/lib/python3.10/site-packages/communication/client.py
/home/capstone2526/cmdr_ws/install/mail-delivery-robot/lib/python3.10/site-packages/communication/music_player.py
/home/capstone2526/cmdr_ws/install/mail-delivery-robot/lib/python3.10/site-packages/config/__init__.py
/home/capstone2526/cmdr_ws/install/mail-delivery-robot/lib/python3.10/site-packages/tools/__pycache__/__init__.cpython-310.pyc
/home/capstone2526/cmdr_ws/install/mail-delivery-robot/lib/python3.10/site-packages/tools/__pycache__/nav_parser.cpython-310.pyc
/home/capstone2526/cmdr_ws/install/mail-delivery-robot/lib/python3.10/site-packages/tools/__pycache__/map.cpython-310.pyc
/home/capstone2526/cmdr_ws/install/mail-delivery-robot/lib/python3.10/site-packages/tools/__pycache__/csv_parser.cpython-310.pyc
/home/capstone2526/cmdr_ws/install/mail-delivery-robot/lib/python3.10/site-packages/control/__pycache__/__init__.cpython-310.pyc
/home/capstone2526/cmdr_ws/install/mail-delivery-robot/lib/python3.10/site-packages/control/__pycache__/captain.cpython-310.pyc
/home/capstone2526/cmdr_ws/install/mail-delivery-robot/lib/python3.10/site-packages/control/__pycache__/action_translator.cpython-310.pyc
/home/capstone2526/cmdr_ws/install/mail-delivery-robot/lib/python3.10/site-packages/tests/__pycache__/__init__.cpython-310.pyc
/home/capstone2526/cmdr_ws/install/mail-delivery-robot/lib/python3.10/site-packages/tests/__pycache__/travel_analyzer.cpython-310.pyc
/home/capstone2526/cmdr_ws/install/mail-delivery-robot/lib/python3.10/site-packages/sensors/__pycache__/lidar_sensor.cpython-310.pyc
/home/capstone2526/cmdr_ws/install/mail-delivery-robot/lib/python3.10/site-packages/sensors/__pycache__/navigation_unit.cpython-310.pyc
/home/capstone2526/cmdr_ws/install/mail-delivery-robot/lib/python3.10/site-packages/sensors/__pycache__/battery_monitor.cpython-310.pyc
/home/capstone2526/cmdr_ws/install/mail-delivery-robot/lib/python3.10/site-packages/sensors/__pycache__/__init__.cpython-310.pyc
/home/capstone2526/cmdr_ws/install/mail-delivery-robot/lib/python3.10/site-packages/sensors/__pycache__/intersection_detection_unit.cpython-310.pyc
/home/capstone2526/cmdr_ws/install/mail-delivery-robot/lib/python3.10/site-packages/sensors/__pycache__/beacon_sensor.cpython-310.pyc
/home/capstone2526/cmdr_ws/install/mail-delivery-robot/lib/python3.10/site-packages/sensors/__pycache__/bumper_sensor.cpython-310.pyc
/home/capstone2526/cmdr_ws/install/mail-delivery-robot/lib/python3.10/site-packages/layers/__pycache__/__init__.cpython-310.pyc
/home/capstone2526/cmdr_ws/install/mail-delivery-robot/lib/python3.10/site-packages/layers/__pycache__/docking_layer.cpython-310.pyc
/home/capstone2526/cmdr_ws/install/mail-delivery-robot/lib/python3.10/site-packages/layers/__pycache__/travel_layer.cpython-310.pyc
/home/capstone2526/cmdr_ws/install/mail-delivery-robot/lib/python3.10/site-packages/layers/__pycache__/avoidance_layer.cpython-310.pyc
/home/capstone2526/cmdr_ws/install/mail-delivery-robot/lib/python3.10/site-packages/layers/__pycache__/turning_layer.cpython-310.pyc
/home/capstone2526/cmdr_ws/install/mail-delivery-robot/lib/python3.10/site-packages/communication/__pycache__/__init__.cpython-310.pyc
/home/capstone2526/cmdr_ws/install/mail-delivery-robot/lib/python3.10/site-packages/communication/__pycache__/client.cpython-310.pyc
/home/capstone2526/cmdr_ws/install/mail-delivery-robot/lib/python3.10/site-packages/communication/__pycache__/music_player.cpython-310.pyc
/home/capstone2526/cmdr_ws/install/mail-delivery-robot/lib/python3.10/site-packages/config/__pycache__/__init__.cpython-310.pyc
/home/capstone2526/cmdr_ws/install/mail-delivery-robot/share/ament_index/resource_index/packages/mail-delivery-robot
/home/capstone2526/cmdr_ws/install/mail-delivery-robot/share/mail-delivery-robot/package.xml
/home/capstone2526/cmdr_ws/install/mail-delivery-robot/lib/mail-delivery-robot/config/config.csv
/home/capstone2526/cmdr_ws/install/mail-delivery-robot/lib/mail-delivery-robot/config/map.csv
/home/capstone2526/cmdr_ws/install/mail-delivery-robot/lib/mail-delivery-robot/config/battery_config.csv
/home/capstone2526/cmdr_ws/install/mail-delivery-robot/lib/mail-delivery-robot/config/beacons.csv
/home/capstone2526/cmdr_ws/install/mail-delivery-robot/lib/mail-delivery-robot/config/beacon_connections.csv
/home/capstone2526/cmdr_ws/install/mail-delivery-robot/share/mail-delivery-robot/launch/analysis.launch.py
/home/capstone2526/cmdr_ws/install/mail-delivery-robot/share/mail-delivery-robot/launch/fair_demo.launch.py
/home/capstone2526/cmdr_ws/install/mail-delivery-robot/share/mail-delivery-robot/launch/robot_with_music.launch.py
/home/capstone2526/cmdr_ws/install/mail-delivery-robot/share/mail-delivery-robot/launch/robot.launch.py
/home/capstone2526/cmdr_ws/install/mail-delivery-robot/lib/python3.10/site-packages/mail_delivery_robot-0.0.0-py3.10.egg-info/PKG-INFO
/home/capstone2526/cmdr_ws/install/mail-delivery-robot/lib/python3.10/site-packages/mail_delivery_robot-0.0.0-py3.10.egg-info/top_level.txt
/home/capstone2526/cmdr_ws/install/mail-delivery-robot/lib/python3.10/site-packages/mail_delivery_robot-0.0.0-py3.10.egg-info/SOURCES.txt
/home/capstone2526/cmdr_ws/install/mail-delivery-robot/lib/python3.10/site-packages/mail_delivery_robot-0.0.0-py3.10.egg-info/entry_points.txt
/home/capstone2526/cmdr_ws/install/mail-delivery-robot/lib/python3.10/site-packages/mail_delivery_robot-0.0.0-py3.10.egg-info/requires.txt
/home/capstone2526/cmdr_ws/install/mail-delivery-robot/lib/python3.10/site-packages/mail_delivery_robot-0.0.0-py3.10.egg-info/dependency_links.txt
/home/capstone2526/cmdr_ws/install/mail-delivery-robot/lib/python3.10/site-packages/mail_delivery_robot-0.0.0-py3.10.egg-info/zip-safe
/home/capstone2526/cmdr_ws/install/mail-delivery-robot/lib/mail-delivery-robot/avoidance_layer
/home/capstone2526/cmdr_ws/install/mail-delivery-robot/lib/mail-delivery-robot/battery_monitor
/home/capstone2526/cmdr_ws/install/mail-delivery-robot/lib/mail-delivery-robot/beacon_sensor
/home/capstone2526/cmdr_ws/install/mail-delivery-robot/lib/mail-delivery-robot/bumper_sensor
/home/capstone2526/cmdr_ws/install/mail-delivery-robot/lib/mail-delivery-robot/camera_sensor
/home/capstone2526/cmdr_ws/install/mail-delivery-robot/lib/mail-delivery-robot/captain
/home/capstone2526/cmdr_ws/install/mail-delivery-robot/lib/mail-delivery-robot/client
/home/capstone2526/cmdr_ws/install/mail-delivery-robot/lib/mail-delivery-robot/docking_layer
/home/capstone2526/cmdr_ws/install/mail-delivery-robot/lib/mail-delivery-robot/intersection_detection_unit
/home/capstone2526/cmdr_ws/install/mail-delivery-robot/lib/mail-delivery-robot/lidar_sensor
/home/capstone2526/cmdr_ws/install/mail-delivery-robot/lib/mail-delivery-robot/music_player
/home/capstone2526/cmdr_ws/install/mail-delivery-robot/lib/mail-delivery-robot/navigation_unit
/home/capstone2526/cmdr_ws/install/mail-delivery-robot/lib/mail-delivery-robot/travel_analyzer
/home/capstone2526/cmdr_ws/install/mail-delivery-robot/lib/mail-delivery-robot/travel_layer
/home/capstone2526/cmdr_ws/install/mail-delivery-robot/lib/mail-delivery-robot/turning_layer
