[3.443s] Invoking command in '/home/capstone2526/cmdr_ws/build/mail-delivery-robot': PYTHONPATH=/home/capstone2526/cmdr_ws/build/mail-delivery-robot/prefix_override:/usr/lib/python3/dist-packages/colcon_core/task/python/colcon_distutils_commands:/home/capstone2526/cmdr_ws/install/mail-delivery-robot/lib/python3.10/site-packages:${PYTHONPATH} /usr/bin/python3 -W ignore:setup.py install is deprecated -W ignore:easy_install command is deprecated setup.py develop --uninstall --editable --build-directory /home/capstone2526/cmdr_ws/build/mail-delivery-robot/build
[4.894s] running develop
[5.889s] Removing /home/capstone2526/cmdr_ws/install/mail-delivery-robot/lib/python3.10/site-packages/mail-delivery-robot.egg-link (link to src)
[6.024s] Invoked command in '/home/capstone2526/cmdr_ws/build/mail-delivery-robot' returned '0': PYTHONPATH=/home/capstone2526/cmdr_ws/build/mail-delivery-robot/prefix_override:/usr/lib/python3/dist-packages/colcon_core/task/python/colcon_distutils_commands:/home/capstone2526/cmdr_ws/install/mail-delivery-robot/lib/python3.10/site-packages:${PYTHONPATH} /usr/bin/python3 -W ignore:setup.py install is deprecated -W ignore:easy_install command is deprecated setup.py develop --uninstall --editable --build-directory /home/capstone2526/cmdr_ws/build/mail-delivery-robot/build
[6.034s] Invoking command in '/home/capstone2526/cmdr_ws/mail-delivery-robot': PYTHONPATH=/home/capstone2526/cmdr_ws/build/mail-delivery-robot/prefix_override:/usr/lib/python3/dist-packages/colcon_core/task/python/colcon_distutils_commands:/home/capstone2526/cmdr_ws/install/mail-delivery-robot/lib/python3.10/site-packages:${PYTHONPATH} /usr/bin/python3 -W ignore:setup.py install is deprecated -W ignore:easy_install command is deprecated setup.py egg_info --egg-base ../build/mail-delivery-robot build --build-base /home/capstone2526/cmdr_ws/build/mail-delivery-robot/build install --record /home/capstone2526/cmdr_ws/build/mail-delivery-robot/install.log --single-version-externally-managed install_data --force
[7.379s] running egg_info
[7.382s] writing ../build/mail-delivery-robot/mail_delivery_robot.egg-info/PKG-INFO
[7.383s] writing dependency_links to ../build/mail-delivery-robot/mail_delivery_robot.egg-info/dependency_links.txt
[7.384s] writing entry points to ../build/mail-delivery-robot/mail_delivery_robot.egg-info/entry_points.txt
[7.385s] writing requirements to ../build/mail-delivery-robot/mail_delivery_robot.egg-info/requires.txt
[7.386s] writing top-level names to ../build/mail-delivery-robot/mail_delivery_robot.egg-info/top_level.txt
[7.399s] reading manifest file '../build/mail-delivery-robot/mail_delivery_robot.egg-info/SOURCES.txt'
[7.402s] adding license file 'LICENSE'
[7.407s] writing manifest file '../build/mail-delivery-robot/mail_delivery_robot.egg-info/SOURCES.txt'
[7.407s] running build
[7.408s] running build_py
[7.421s] running install
[7.423s] running install_lib
[7.431s] creating /home/capstone2526/cmdr_ws/install/mail-delivery-robot/lib/python3.10/site-packages/tools
[7.432s] copying /home/capstone2526/cmdr_ws/build/mail-delivery-robot/build/lib/tools/__init__.py -> /home/capstone2526/cmdr_ws/install/mail-delivery-robot/lib/python3.10/site-packages/tools
[7.432s] copying /home/capstone2526/cmdr_ws/build/mail-delivery-robot/build/lib/tools/nav_parser.py -> /home/capstone2526/cmdr_ws/install/mail-delivery-robot/lib/python3.10/site-packages/tools
[7.433s] copying /home/capstone2526/cmdr_ws/build/mail-delivery-robot/build/lib/tools/map.py -> /home/capstone2526/cmdr_ws/install/mail-delivery-robot/lib/python3.10/site-packages/tools
[7.434s] copying /home/capstone2526/cmdr_ws/build/mail-delivery-robot/build/lib/tools/csv_parser.py -> /home/capstone2526/cmdr_ws/install/mail-delivery-robot/lib/python3.10/site-packages/tools
[7.445s] creating /home/capstone2526/cmdr_ws/install/mail-delivery-robot/lib/python3.10/site-packages/control
[7.446s] copying /home/capstone2526/cmdr_ws/build/mail-delivery-robot/build/lib/control/__init__.py -> /home/capstone2526/cmdr_ws/install/mail-delivery-robot/lib/python3.10/site-packages/control
[7.446s] copying /home/capstone2526/cmdr_ws/build/mail-delivery-robot/build/lib/control/captain.py -> /home/capstone2526/cmdr_ws/install/mail-delivery-robot/lib/python3.10/site-packages/control
[7.447s] copying /home/capstone2526/cmdr_ws/build/mail-delivery-robot/build/lib/control/action_translator.py -> /home/capstone2526/cmdr_ws/install/mail-delivery-robot/lib/python3.10/site-packages/control
[7.448s] creating /home/capstone2526/cmdr_ws/install/mail-delivery-robot/lib/python3.10/site-packages/tests
[7.449s] copying /home/capstone2526/cmdr_ws/build/mail-delivery-robot/build/lib/tests/__init__.py -> /home/capstone2526/cmdr_ws/install/mail-delivery-robot/lib/python3.10/site-packages/tests
[7.449s] copying /home/capstone2526/cmdr_ws/build/mail-delivery-robot/build/lib/tests/travel_analyzer.py -> /home/capstone2526/cmdr_ws/install/mail-delivery-robot/lib/python3.10/site-packages/tests
[7.451s] copying /home/capstone2526/cmdr_ws/build/mail-delivery-robot/build/lib/sensors/lidar_sensor.py -> /home/capstone2526/cmdr_ws/install/mail-delivery-robot/lib/python3.10/site-packages/sensors
[7.452s] copying /home/capstone2526/cmdr_ws/build/mail-delivery-robot/build/lib/sensors/navigation_unit.py -> /home/capstone2526/cmdr_ws/install/mail-delivery-robot/lib/python3.10/site-packages/sensors
[7.453s] copying /home/capstone2526/cmdr_ws/build/mail-delivery-robot/build/lib/sensors/battery_monitor.py -> /home/capstone2526/cmdr_ws/install/mail-delivery-robot/lib/python3.10/site-packages/sensors
[7.454s] copying /home/capstone2526/cmdr_ws/build/mail-delivery-robot/build/lib/sensors/__init__.py -> /home/capstone2526/cmdr_ws/install/mail-delivery-robot/lib/python3.10/site-packages/sensors
[7.454s] copying /home/capstone2526/cmdr_ws/build/mail-delivery-robot/build/lib/sensors/intersection_detection_unit.py -> /home/capstone2526/cmdr_ws/install/mail-delivery-robot/lib/python3.10/site-packages/sensors
[7.455s] copying /home/capstone2526/cmdr_ws/build/mail-delivery-robot/build/lib/sensors/beacon_sensor.py -> /home/capstone2526/cmdr_ws/install/mail-delivery-robot/lib/python3.10/site-packages/sensors
[7.458s] copying /home/capstone2526/cmdr_ws/build/mail-delivery-robot/build/lib/sensors/bumper_sensor.py -> /home/capstone2526/cmdr_ws/install/mail-delivery-robot/lib/python3.10/site-packages/sensors
[7.459s] creating /home/capstone2526/cmdr_ws/install/mail-delivery-robot/lib/python3.10/site-packages/layers
[7.459s] copying /home/capstone2526/cmdr_ws/build/mail-delivery-robot/build/lib/layers/__init__.py -> /home/capstone2526/cmdr_ws/install/mail-delivery-robot/lib/python3.10/site-packages/layers
[7.459s] copying /home/capstone2526/cmdr_ws/build/mail-delivery-robot/build/lib/layers/docking_layer.py -> /home/capstone2526/cmdr_ws/install/mail-delivery-robot/lib/python3.10/site-packages/layers
[7.460s] copying /home/capstone2526/cmdr_ws/build/mail-delivery-robot/build/lib/layers/travel_layer.py -> /home/capstone2526/cmdr_ws/install/mail-delivery-robot/lib/python3.10/site-packages/layers
[7.461s] copying /home/capstone2526/cmdr_ws/build/mail-delivery-robot/build/lib/layers/avoidance_layer.py -> /home/capstone2526/cmdr_ws/install/mail-delivery-robot/lib/python3.10/site-packages/layers
[7.462s] copying /home/capstone2526/cmdr_ws/build/mail-delivery-robot/build/lib/layers/turning_layer.py -> /home/capstone2526/cmdr_ws/install/mail-delivery-robot/lib/python3.10/site-packages/layers
[7.463s] creating /home/capstone2526/cmdr_ws/install/mail-delivery-robot/lib/python3.10/site-packages/communication
[7.463s] copying /home/capstone2526/cmdr_ws/build/mail-delivery-robot/build/lib/communication/__init__.py -> /home/capstone2526/cmdr_ws/install/mail-delivery-robot/lib/python3.10/site-packages/communication
[7.464s] copying /home/capstone2526/cmdr_ws/build/mail-delivery-robot/build/lib/communication/client.py -> /home/capstone2526/cmdr_ws/install/mail-delivery-robot/lib/python3.10/site-packages/communication
[7.465s] copying /home/capstone2526/cmdr_ws/build/mail-delivery-robot/build/lib/communication/music_player.py -> /home/capstone2526/cmdr_ws/install/mail-delivery-robot/lib/python3.10/site-packages/communication
[7.466s] creating /home/capstone2526/cmdr_ws/install/mail-delivery-robot/lib/python3.10/site-packages/config
[7.467s] copying /home/capstone2526/cmdr_ws/build/mail-delivery-robot/build/lib/config/__init__.py -> /home/capstone2526/cmdr_ws/install/mail-delivery-robot/lib/python3.10/site-packages/config
[7.470s] byte-compiling /home/capstone2526/cmdr_ws/install/mail-delivery-robot/lib/python3.10/site-packages/tools/__init__.py to __init__.cpython-310.pyc
[7.471s] byte-compiling /home/capstone2526/cmdr_ws/install/mail-delivery-robot/lib/python3.10/site-packages/tools/nav_parser.py to nav_parser.cpython-310.pyc
[7.474s] byte-compiling /home/capstone2526/cmdr_ws/install/mail-delivery-robot/lib/python3.10/site-packages/tools/map.py to map.cpython-310.pyc
[7.475s] byte-compiling /home/capstone2526/cmdr_ws/install/mail-delivery-robot/lib/python3.10/site-packages/tools/csv_parser.py to csv_parser.cpython-310.pyc
[7.483s] byte-compiling /home/capstone2526/cmdr_ws/install/mail-delivery-robot/lib/python3.10/site-packages/control/__init__.py to __init__.cpython-310.pyc
[7.484s] byte-compiling /home/capstone2526/cmdr_ws/install/mail-delivery-robot/lib/python3.10/site-packages/control/captain.py to captain.cpython-310.pyc
[7.488s] byte-compiling /home/capstone2526/cmdr_ws/install/mail-delivery-robot/lib/python3.10/site-packages/control/action_translator.py to action_translator.cpython-310.pyc
[7.490s] byte-compiling /home/capstone2526/cmdr_ws/install/mail-delivery-robot/lib/python3.10/site-packages/tests/__init__.py to __init__.cpython-310.pyc
[7.492s] byte-compiling /home/capstone2526/cmdr_ws/install/mail-delivery-robot/lib/python3.10/site-packages/tests/travel_analyzer.py to travel_analyzer.cpython-310.pyc
[7.495s] byte-compiling /home/capstone2526/cmdr_ws/install/mail-delivery-robot/lib/python3.10/site-packages/sensors/lidar_sensor.py to lidar_sensor.cpython-310.pyc
[7.499s] byte-compiling /home/capstone2526/cmdr_ws/install/mail-delivery-robot/lib/python3.10/site-packages/sensors/navigation_unit.py to navigation_unit.cpython-310.pyc
[7.502s] byte-compiling /home/capstone2526/cmdr_ws/install/mail-delivery-robot/lib/python3.10/site-packages/sensors/battery_monitor.py to battery_monitor.cpython-310.pyc
[7.505s] byte-compiling /home/capstone2526/cmdr_ws/install/mail-delivery-robot/lib/python3.10/site-packages/sensors/__init__.py to __init__.cpython-310.pyc
[7.506s] byte-compiling /home/capstone2526/cmdr_ws/install/mail-delivery-robot/lib/python3.10/site-packages/sensors/intersection_detection_unit.py to intersection_detection_unit.cpython-310.pyc
[7.510s] byte-compiling /home/capstone2526/cmdr_ws/install/mail-delivery-robot/lib/python3.10/site-packages/sensors/beacon_sensor.py to beacon_sensor.cpython-310.pyc
[7.513s] byte-compiling /home/capstone2526/cmdr_ws/install/mail-delivery-robot/lib/python3.10/site-packages/sensors/bumper_sensor.py to bumper_sensor.cpython-310.pyc
[7.516s] byte-compiling /home/capstone2526/cmdr_ws/install/mail-delivery-robot/lib/python3.10/site-packages/layers/__init__.py to __init__.cpython-310.pyc
[7.517s] byte-compiling /home/capstone2526/cmdr_ws/install/mail-delivery-robot/lib/python3.10/site-packages/layers/docking_layer.py to docking_layer.cpython-310.pyc
[7.520s] byte-compiling /home/capstone2526/cmdr_ws/install/mail-delivery-robot/lib/python3.10/site-packages/layers/travel_layer.py to travel_layer.cpython-310.pyc
[7.524s] byte-compiling /home/capstone2526/cmdr_ws/install/mail-delivery-robot/lib/python3.10/site-packages/layers/avoidance_layer.py to avoidance_layer.cpython-310.pyc
[7.528s] byte-compiling /home/capstone2526/cmdr_ws/install/mail-delivery-robot/lib/python3.10/site-packages/layers/turning_layer.py to turning_layer.cpython-310.pyc
[7.531s] byte-compiling /home/capstone2526/cmdr_ws/install/mail-delivery-robot/lib/python3.10/site-packages/communication/__init__.py to __init__.cpython-310.pyc
[7.533s] byte-compiling /home/capstone2526/cmdr_ws/install/mail-delivery-robot/lib/python3.10/site-packages/communication/client.py to client.cpython-310.pyc
[7.534s] byte-compiling /home/capstone2526/cmdr_ws/install/mail-delivery-robot/lib/python3.10/site-packages/communication/music_player.py to music_player.cpython-310.pyc
[7.539s] byte-compiling /home/capstone2526/cmdr_ws/install/mail-delivery-robot/lib/python3.10/site-packages/config/__init__.py to __init__.cpython-310.pyc
[7.541s] running install_data
[7.541s] copying resource/mail-delivery-robot -> /home/capstone2526/cmdr_ws/install/mail-delivery-robot/share/ament_index/resource_index/packages
[7.542s] copying package.xml -> /home/capstone2526/cmdr_ws/install/mail-delivery-robot/share/mail-delivery-robot
[7.543s] copying src/config/config.csv -> /home/capstone2526/cmdr_ws/install/mail-delivery-robot/lib/mail-delivery-robot/config
[7.544s] copying src/config/map.csv -> /home/capstone2526/cmdr_ws/install/mail-delivery-robot/lib/mail-delivery-robot/config
[7.545s] copying src/config/battery_config.csv -> /home/capstone2526/cmdr_ws/install/mail-delivery-robot/lib/mail-delivery-robot/config
[7.546s] copying src/config/beacons.csv -> /home/capstone2526/cmdr_ws/install/mail-delivery-robot/lib/mail-delivery-robot/config
[7.547s] copying src/config/beacon_connections.csv -> /home/capstone2526/cmdr_ws/install/mail-delivery-robot/lib/mail-delivery-robot/config
[7.548s] copying launch/analysis.launch.py -> /home/capstone2526/cmdr_ws/install/mail-delivery-robot/share/mail-delivery-robot/launch
[7.548s] copying launch/fair_demo.launch.py -> /home/capstone2526/cmdr_ws/install/mail-delivery-robot/share/mail-delivery-robot/launch
[7.549s] copying launch/robot_with_music.launch.py -> /home/capstone2526/cmdr_ws/install/mail-delivery-robot/share/mail-delivery-robot/launch
[7.551s] copying launch/robot.launch.py -> /home/capstone2526/cmdr_ws/install/mail-delivery-robot/share/mail-delivery-robot/launch
[7.552s] running install_egg_info
[7.559s] Copying ../build/mail-delivery-robot/mail_delivery_robot.egg-info to /home/capstone2526/cmdr_ws/install/mail-delivery-robot/lib/python3.10/site-packages/mail_delivery_robot-0.0.0-py3.10.egg-info
[7.566s] running install_scripts
[7.653s] Installing avoidance_layer script to /home/capstone2526/cmdr_ws/install/mail-delivery-robot/lib/mail-delivery-robot
[7.654s] Installing battery_monitor script to /home/capstone2526/cmdr_ws/install/mail-delivery-robot/lib/mail-delivery-robot
[7.655s] Installing beacon_sensor script to /home/capstone2526/cmdr_ws/install/mail-delivery-robot/lib/mail-delivery-robot
[7.656s] Installing bumper_sensor script to /home/capstone2526/cmdr_ws/install/mail-delivery-robot/lib/mail-delivery-robot
[7.658s] Installing camera_sensor script to /home/capstone2526/cmdr_ws/install/mail-delivery-robot/lib/mail-delivery-robot
[7.659s] Installing captain script to /home/capstone2526/cmdr_ws/install/mail-delivery-robot/lib/mail-delivery-robot
[7.660s] Installing client script to /home/capstone2526/cmdr_ws/install/mail-delivery-robot/lib/mail-delivery-robot
[7.661s] Installing docking_layer script to /home/capstone2526/cmdr_ws/install/mail-delivery-robot/lib/mail-delivery-robot
[7.662s] Installing intersection_detection_unit script to /home/capstone2526/cmdr_ws/install/mail-delivery-robot/lib/mail-delivery-robot
[7.663s] Installing lidar_sensor script to /home/capstone2526/cmdr_ws/install/mail-delivery-robot/lib/mail-delivery-robot
[7.664s] Installing music_player script to /home/capstone2526/cmdr_ws/install/mail-delivery-robot/lib/mail-delivery-robot
[7.665s] Installing navigation_unit script to /home/capstone2526/cmdr_ws/install/mail-delivery-robot/lib/mail-delivery-robot
[7.666s] Installing travel_analyzer script to /home/capstone2526/cmdr_ws/install/mail-delivery-robot/lib/mail-delivery-robot
[7.667s] Installing travel_layer script to /home/capstone2526/cmdr_ws/install/mail-delivery-robot/lib/mail-delivery-robot
[7.667s] Installing turning_layer script to /home/capstone2526/cmdr_ws/install/mail-delivery-robot/lib/mail-delivery-robot
[7.673s] writing list of installed files to '/home/capstone2526/cmdr_ws/build/mail-delivery-robot/install.log'
[7.815s] Invoked command in '/home/capstone2526/cmdr_ws/mail-delivery-robot' returned '0': PYTHONPATH=/home/capstone2526/cmdr_ws/build/mail-delivery-robot/prefix_override:/usr/lib/python3/dist-packages/colcon_core/task/python/colcon_distutils_commands:/home/capstone2526/cmdr_ws/install/mail-delivery-robot/lib/python3.10/site-packages:${PYTHONPATH} /usr/bin/python3 -W ignore:setup.py install is deprecated -W ignore:easy_install command is deprecated setup.py egg_info --egg-base ../build/mail-delivery-robot build --build-base /home/capstone2526/cmdr_ws/build/mail-delivery-robot/build install --record /home/capstone2526/cmdr_ws/build/mail-delivery-robot/install.log --single-version-externally-managed install_data --force
