[3.454s] Invoking command in '/home/capstone2526/cmdr_ws/build/mail-delivery-robot': PYTHONPATH=/home/capstone2526/cmdr_ws/build/mail-delivery-robot/prefix_override:/usr/lib/python3/dist-packages/colcon_core/task/python/colcon_distutils_commands:/home/capstone2526/cmdr_ws/install/mail-delivery-robot/lib/python3.10/site-packages:${PYTHONPATH} /usr/bin/python3 -W ignore:setup.py install is deprecated -W ignore:easy_install command is deprecated setup.py develop --editable --build-directory /home/capstone2526/cmdr_ws/build/mail-delivery-robot/build --no-deps symlink_data --force
[4.896s] running develop
[5.882s] running egg_info
[5.884s] writing src/mail_delivery_robot.egg-info/PKG-INFO
[5.885s] writing dependency_links to src/mail_delivery_robot.egg-info/dependency_links.txt
[5.885s] writing entry points to src/mail_delivery_robot.egg-info/entry_points.txt
[5.886s] writing requirements to src/mail_delivery_robot.egg-info/requires.txt
[5.887s] writing top-level names to src/mail_delivery_robot.egg-info/top_level.txt
[5.900s] reading manifest file 'src/mail_delivery_robot.egg-info/SOURCES.txt'
[5.906s] writing manifest file 'src/mail_delivery_robot.egg-info/SOURCES.txt'
[5.913s] running build_ext
[5.914s] Creating /home/capstone2526/cmdr_ws/install/mail-delivery-robot/lib/python3.10/site-packages/mail-delivery-robot.egg-link (link to src)
[5.918s] Installing avoidance_layer script to /home/capstone2526/cmdr_ws/install/mail-delivery-robot/lib/mail-delivery-robot
[5.919s] Installing battery_monitor script to /home/capstone2526/cmdr_ws/install/mail-delivery-robot/lib/mail-delivery-robot
[5.920s] Installing beacon_sensor script to /home/capstone2526/cmdr_ws/install/mail-delivery-robot/lib/mail-delivery-robot
[5.921s] Installing bumper_sensor script to /home/capstone2526/cmdr_ws/install/mail-delivery-robot/lib/mail-delivery-robot
[5.921s] Installing camera_sensor script to /home/capstone2526/cmdr_ws/install/mail-delivery-robot/lib/mail-delivery-robot
[5.922s] Installing captain script to /home/capstone2526/cmdr_ws/install/mail-delivery-robot/lib/mail-delivery-robot
[5.923s] Installing client script to /home/capstone2526/cmdr_ws/install/mail-delivery-robot/lib/mail-delivery-robot
[5.924s] Installing docking_layer script to /home/capstone2526/cmdr_ws/install/mail-delivery-robot/lib/mail-delivery-robot
[5.925s] Installing intersection_detection_unit script to /home/capstone2526/cmdr_ws/install/mail-delivery-robot/lib/mail-delivery-robot
[5.926s] Installing lidar_sensor script to /home/capstone2526/cmdr_ws/install/mail-delivery-robot/lib/mail-delivery-robot
[5.927s] Installing music_player script to /home/capstone2526/cmdr_ws/install/mail-delivery-robot/lib/mail-delivery-robot
[5.928s] Installing navigation_unit script to /home/capstone2526/cmdr_ws/install/mail-delivery-robot/lib/mail-delivery-robot
[5.929s] Installing travel_analyzer script to /home/capstone2526/cmdr_ws/install/mail-delivery-robot/lib/mail-delivery-robot
[5.930s] Installing travel_layer script to /home/capstone2526/cmdr_ws/install/mail-delivery-robot/lib/mail-delivery-robot
[5.931s] Installing turning_layer script to /home/capstone2526/cmdr_ws/install/mail-delivery-robot/lib/mail-delivery-robot
[5.932s] 
[5.932s] Installed /home/capstone2526/cmdr_ws/build/mail-delivery-robot/src
[5.933s] running symlink_data
[5.934s] symbolically linking /home/capstone2526/cmdr_ws/build/mail-delivery-robot/resource/mail-delivery-robot -> /home/capstone2526/cmdr_ws/install/mail-delivery-robot/share/ament_index/resource_index/packages
[5.934s] symbolically linking /home/capstone2526/cmdr_ws/build/mail-delivery-robot/package.xml -> /home/capstone2526/cmdr_ws/install/mail-delivery-robot/share/mail-delivery-robot
[5.935s] symbolically linking /home/capstone2526/cmdr_ws/build/mail-delivery-robot/src/config/config.csv -> /home/capstone2526/cmdr_ws/install/mail-delivery-robot/lib/mail-delivery-robot/config
[5.936s] symbolically linking /home/capstone2526/cmdr_ws/build/mail-delivery-robot/src/config/map.csv -> /home/capstone2526/cmdr_ws/install/mail-delivery-robot/lib/mail-delivery-robot/config
[5.937s] symbolically linking /home/capstone2526/cmdr_ws/build/mail-delivery-robot/src/config/battery_config.csv -> /home/capstone2526/cmdr_ws/install/mail-delivery-robot/lib/mail-delivery-robot/config
[5.938s] symbolically linking /home/capstone2526/cmdr_ws/build/mail-delivery-robot/src/config/beacons.csv -> /home/capstone2526/cmdr_ws/install/mail-delivery-robot/lib/mail-delivery-robot/config
[5.939s] symbolically linking /home/capstone2526/cmdr_ws/build/mail-delivery-robot/src/config/beacon_connections.csv -> /home/capstone2526/cmdr_ws/install/mail-delivery-robot/lib/mail-delivery-robot/config
[5.939s] symbolically linking /home/capstone2526/cmdr_ws/build/mail-delivery-robot/launch/analysis.launch.py -> /home/capstone2526/cmdr_ws/install/mail-delivery-robot/share/mail-delivery-robot/launch
[5.940s] symbolically linking /home/capstone2526/cmdr_ws/build/mail-delivery-robot/launch/fair_demo.launch.py -> /home/capstone2526/cmdr_ws/install/mail-delivery-robot/share/mail-delivery-robot/launch
[5.942s] symbolically linking /home/capstone2526/cmdr_ws/build/mail-delivery-robot/launch/robot_with_music.launch.py -> /home/capstone2526/cmdr_ws/install/mail-delivery-robot/share/mail-delivery-robot/launch
[5.943s] symbolically linking /home/capstone2526/cmdr_ws/build/mail-delivery-robot/launch/robot.launch.py -> /home/capstone2526/cmdr_ws/install/mail-delivery-robot/share/mail-delivery-robot/launch
[6.081s] Invoked command in '/home/capstone2526/cmdr_ws/build/mail-delivery-robot' returned '0': PYTHONPATH=/home/capstone2526/cmdr_ws/build/mail-delivery-robot/prefix_override:/usr/lib/python3/dist-packages/colcon_core/task/python/colcon_distutils_commands:/home/capstone2526/cmdr_ws/install/mail-delivery-robot/lib/python3.10/site-packages:${PYTHONPATH} /usr/bin/python3 -W ignore:setup.py install is deprecated -W ignore:easy_install command is deprecated setup.py develop --editable --build-directory /home/capstone2526/cmdr_ws/build/mail-delivery-robot/build --no-deps symlink_data --force
